---
http_interactions:
- request:
    method: get
    uri: https://api.github.com/repos/elizabrock/inquizator-test-repo/contents/exercises
    body:
      encoding: US-ASCII
      string: ''
    headers:
      Accept:
      - application/vnd.github.v3+json
      User-Agent:
      - Octokit Ruby Gem 3.1.0
      Authorization:
      - token d141ef15f79ca4c6f43a8c688e0434648f277f20
      Accept-Encoding:
      - gzip;q=1.0,deflate;q=0.6,identity;q=0.3
  response:
    status:
      code: 200
      message: OK
    headers:
      Server:
      - GitHub.com
      Date:
      - Tue, 03 Jun 2014 18:51:53 GMT
      Content-Type:
      - application/json; charset=utf-8
      Transfer-Encoding:
      - chunked
      Status:
      - 200 OK
      X-Ratelimit-Limit:
      - '5000'
      X-Ratelimit-Remaining:
      - '4839'
      X-Ratelimit-Reset:
      - '1401823096'
      Cache-Control:
      - private, max-age=60, s-maxage=60
      Last-Modified:
      - Wed, 26 Mar 2014 01:03:22 GMT
      Etag:
      - '"54043e8bbcb0fb15d73a8f4f86f1fedd"'
      X-Oauth-Scopes:
      - public_repo, user
      X-Accepted-Oauth-Scopes:
      - ''
      Vary:
      - Accept, Authorization, Cookie, X-GitHub-OTP
      - Accept-Encoding
      X-Github-Media-Type:
      - github.v3; format=json
      X-Xss-Protection:
      - 1; mode=block
      X-Frame-Options:
      - deny
      Content-Security-Policy:
      - default-src 'none'
      Access-Control-Allow-Credentials:
      - 'true'
      Access-Control-Expose-Headers:
      - ETag, Link, X-GitHub-OTP, X-RateLimit-Limit, X-RateLimit-Remaining, X-RateLimit-Reset,
        X-OAuth-Scopes, X-Accepted-OAuth-Scopes, X-Poll-Interval
      Access-Control-Allow-Origin:
      - "*"
      X-Github-Request-Id:
      - 44358582:089D:C9EF98F:538E1948
      Strict-Transport-Security:
      - max-age=31536000
      X-Content-Type-Options:
      - nosniff
      X-Served-By:
      - c436b2b44345c72ff906059f604991e7
    body:
      encoding: UTF-8
      string: '[{"name":"01-cheers","path":"exercises/01-cheers","sha":"8fe8641fa77fd4e90ad0128774a07aaeea7a47b7","size":0,"url":"https://api.github.com/repos/elizabrock/inquizator-test-repo/contents/exercises/01-cheers?ref=master","html_url":"https://github.com/elizabrock/inquizator-test-repo/tree/master/exercises/01-cheers","git_url":"https://api.github.com/repos/elizabrock/inquizator-test-repo/git/trees/8fe8641fa77fd4e90ad0128774a07aaeea7a47b7","type":"dir","_links":{"self":"https://api.github.com/repos/elizabrock/inquizator-test-repo/contents/exercises/01-cheers?ref=master","git":"https://api.github.com/repos/elizabrock/inquizator-test-repo/git/trees/8fe8641fa77fd4e90ad0128774a07aaeea7a47b7","html":"https://github.com/elizabrock/inquizator-test-repo/tree/master/exercises/01-cheers"}},{"name":"02-ruby-koans","path":"exercises/02-ruby-koans","sha":"b3f6b39822ca8b450b5b0d34169016b46d5d4c6f","size":0,"url":"https://api.github.com/repos/elizabrock/inquizator-test-repo/contents/exercises/02-ruby-koans?ref=master","html_url":"https://github.com/elizabrock/inquizator-test-repo/tree/master/exercises/02-ruby-koans","git_url":"https://api.github.com/repos/elizabrock/inquizator-test-repo/git/trees/b3f6b39822ca8b450b5b0d34169016b46d5d4c6f","type":"dir","_links":{"self":"https://api.github.com/repos/elizabrock/inquizator-test-repo/contents/exercises/02-ruby-koans?ref=master","git":"https://api.github.com/repos/elizabrock/inquizator-test-repo/git/trees/b3f6b39822ca8b450b5b0d34169016b46d5d4c6f","html":"https://github.com/elizabrock/inquizator-test-repo/tree/master/exercises/02-ruby-koans"}},{"name":"03-some-other-exercise","path":"exercises/03-some-other-exercise","sha":"8fe8641fa77fd4e90ad0128774a07aaeea7a47b7","size":0,"url":"https://api.github.com/repos/elizabrock/inquizator-test-repo/contents/exercises/03-some-other-exercise?ref=master","html_url":"https://github.com/elizabrock/inquizator-test-repo/tree/master/exercises/03-some-other-exercise","git_url":"https://api.github.com/repos/elizabrock/inquizator-test-repo/git/trees/8fe8641fa77fd4e90ad0128774a07aaeea7a47b7","type":"dir","_links":{"self":"https://api.github.com/repos/elizabrock/inquizator-test-repo/contents/exercises/03-some-other-exercise?ref=master","git":"https://api.github.com/repos/elizabrock/inquizator-test-repo/git/trees/8fe8641fa77fd4e90ad0128774a07aaeea7a47b7","html":"https://github.com/elizabrock/inquizator-test-repo/tree/master/exercises/03-some-other-exercise"}},{"name":"04-unfinished-exercise","path":"exercises/04-unfinished-exercise","sha":"fd6b3d30c0e2f274ee08774c93ee760aaf82db1f","size":0,"url":"https://api.github.com/repos/elizabrock/inquizator-test-repo/contents/exercises/04-unfinished-exercise?ref=master","html_url":"https://github.com/elizabrock/inquizator-test-repo/tree/master/exercises/04-unfinished-exercise","git_url":"https://api.github.com/repos/elizabrock/inquizator-test-repo/git/trees/fd6b3d30c0e2f274ee08774c93ee760aaf82db1f","type":"dir","_links":{"self":"https://api.github.com/repos/elizabrock/inquizator-test-repo/contents/exercises/04-unfinished-exercise?ref=master","git":"https://api.github.com/repos/elizabrock/inquizator-test-repo/git/trees/fd6b3d30c0e2f274ee08774c93ee760aaf82db1f","html":"https://github.com/elizabrock/inquizator-test-repo/tree/master/exercises/04-unfinished-exercise"}}]'
    http_version: 
  recorded_at: Fri, 01 Mar 2013 06:00:03 GMT
- request:
    method: get
    uri: https://api.github.com/repos/elizabrock/inquizator-test-repo/contents/exercises/02-ruby-koans/instructions.md
    body:
      encoding: US-ASCII
      string: ''
    headers:
      Accept:
      - application/vnd.github.v3+json
      User-Agent:
      - Octokit Ruby Gem 3.1.0
      Authorization:
      - token d141ef15f79ca4c6f43a8c688e0434648f277f20
      Accept-Encoding:
      - gzip;q=1.0,deflate;q=0.6,identity;q=0.3
  response:
    status:
      code: 200
      message: OK
    headers:
      Server:
      - GitHub.com
      Date:
      - Tue, 03 Jun 2014 18:51:53 GMT
      Content-Type:
      - application/json; charset=utf-8
      Transfer-Encoding:
      - chunked
      Status:
      - 200 OK
      X-Ratelimit-Limit:
      - '5000'
      X-Ratelimit-Remaining:
      - '4838'
      X-Ratelimit-Reset:
      - '1401823096'
      Cache-Control:
      - private, max-age=60, s-maxage=60
      Last-Modified:
      - Wed, 26 Mar 2014 01:03:20 GMT
      Etag:
      - '"7ccb6183dd91686d8c4bd0d9e500ecaa"'
      X-Oauth-Scopes:
      - public_repo, user
      X-Accepted-Oauth-Scopes:
      - ''
      Vary:
      - Accept, Authorization, Cookie, X-GitHub-OTP
      - Accept-Encoding
      X-Github-Media-Type:
      - github.v3; format=json
      X-Xss-Protection:
      - 1; mode=block
      X-Frame-Options:
      - deny
      Content-Security-Policy:
      - default-src 'none'
      Access-Control-Allow-Credentials:
      - 'true'
      Access-Control-Expose-Headers:
      - ETag, Link, X-GitHub-OTP, X-RateLimit-Limit, X-RateLimit-Remaining, X-RateLimit-Reset,
        X-OAuth-Scopes, X-Accepted-OAuth-Scopes, X-Poll-Interval
      Access-Control-Allow-Origin:
      - "*"
      X-Github-Request-Id:
      - 44358582:089E:119FB924:538E1949
      Strict-Transport-Security:
      - max-age=31536000
      X-Content-Type-Options:
      - nosniff
      X-Served-By:
      - 62a1303ae95931e56e387e87d354bb24
    body:
      encoding: UTF-8
      string: '{"name":"instructions.md","path":"exercises/02-ruby-koans/instructions.md","sha":"8fb97731350f6d0612caecf36be7210a40ea41c6","size":262,"url":"https://api.github.com/repos/elizabrock/inquizator-test-repo/contents/exercises/02-ruby-koans/instructions.md?ref=master","html_url":"https://github.com/elizabrock/inquizator-test-repo/blob/master/exercises/02-ruby-koans/instructions.md","git_url":"https://api.github.com/repos/elizabrock/inquizator-test-repo/git/blobs/8fb97731350f6d0612caecf36be7210a40ea41c6","type":"file","content":"IyBSdWJ5IEtvYW5zCgpJdCdzIHRpbWUgdG8gZ2V0IHN0YXJ0ZWQgb24gdGhl\nIFtSdWJ5IEtvYW5zXShodHRwOi8vcnVieWtvYW5zLmNvbS8pLgoKRm9sbG93\nIHRoZSBpbnN0cnVjdGlvbnMgb24gdGhlIFJ1YnkgS29hbnMgd2Vic2l0ZSB0\nbyBnZXQgc3RhcnRlZC4KCiMjIFN0cmluZ3MKClN0cmluZ3MgYXJlIGJhc2lj\nYWxseSBhcnJheXMuCgojIyBPYmplY3RzCgpPYmplY3RzIGFyZSBibG9ieS4K\nCiMjIFRyaWFuZ2xlcwoKVHJpYW5nbGVzIGFyZSBzaGFwZXMuCg==\n","encoding":"base64","_links":{"self":"https://api.github.com/repos/elizabrock/inquizator-test-repo/contents/exercises/02-ruby-koans/instructions.md?ref=master","git":"https://api.github.com/repos/elizabrock/inquizator-test-repo/git/blobs/8fb97731350f6d0612caecf36be7210a40ea41c6","html":"https://github.com/elizabrock/inquizator-test-repo/blob/master/exercises/02-ruby-koans/instructions.md"}}'
    http_version: 
  recorded_at: Fri, 01 Mar 2013 06:00:03 GMT
- request:
    method: get
    uri: https://api.github.com/users/bob/repos
    body:
      encoding: US-ASCII
      string: ''
    headers:
      Accept:
      - application/vnd.github.v3+json
      User-Agent:
      - Octokit Ruby Gem 3.1.0
      Authorization:
      - token d141ef15f79ca4c6f43a8c688e0434648f277f20
      Accept-Encoding:
      - gzip;q=1.0,deflate;q=0.6,identity;q=0.3
  response:
    status:
      code: 200
      message: OK
    headers:
      Server:
      - GitHub.com
      Date:
      - Tue, 03 Jun 2014 18:51:53 GMT
      Content-Type:
      - application/json; charset=utf-8
      Transfer-Encoding:
      - chunked
      Status:
      - 200 OK
      X-Ratelimit-Limit:
      - '5000'
      X-Ratelimit-Remaining:
      - '4837'
      X-Ratelimit-Reset:
      - '1401823096'
      Cache-Control:
      - private, max-age=60, s-maxage=60
      Etag:
      - '"f7dd589fb1d29652d4b5ac2b236277ca"'
      X-Oauth-Scopes:
      - public_repo, user
      X-Accepted-Oauth-Scopes:
      - ''
      Vary:
      - Accept, Authorization, Cookie, X-GitHub-OTP
      - Accept-Encoding
      X-Github-Media-Type:
      - github.v3; format=json
      X-Xss-Protection:
      - 1; mode=block
      X-Frame-Options:
      - deny
      Content-Security-Policy:
      - default-src 'none'
      Access-Control-Allow-Credentials:
      - 'true'
      Access-Control-Expose-Headers:
      - ETag, Link, X-GitHub-OTP, X-RateLimit-Limit, X-RateLimit-Remaining, X-RateLimit-Reset,
        X-OAuth-Scopes, X-Accepted-OAuth-Scopes, X-Poll-Interval
      Access-Control-Allow-Origin:
      - "*"
      X-Github-Request-Id:
      - 44358582:089E:119FB9DC:538E1949
      Strict-Transport-Security:
      - max-age=31536000
      X-Content-Type-Options:
      - nosniff
      X-Served-By:
      - 62a1303ae95931e56e387e87d354bb24
    body:
      encoding: UTF-8
      string: '[{"id":5512967,"name":"agilezen","full_name":"bob/agilezen","owner":{"login":"bob","id":1436,"avatar_url":"https://avatars.githubusercontent.com/u/1436?","gravatar_id":"807d248f338fe12e100c6dc5c919a50d","url":"https://api.github.com/users/bob","html_url":"https://github.com/bob","followers_url":"https://api.github.com/users/bob/followers","following_url":"https://api.github.com/users/bob/following{/other_user}","gists_url":"https://api.github.com/users/bob/gists{/gist_id}","starred_url":"https://api.github.com/users/bob/starred{/owner}{/repo}","subscriptions_url":"https://api.github.com/users/bob/subscriptions","organizations_url":"https://api.github.com/users/bob/orgs","repos_url":"https://api.github.com/users/bob/repos","events_url":"https://api.github.com/users/bob/events{/privacy}","received_events_url":"https://api.github.com/users/bob/received_events","type":"User","site_admin":false},"private":false,"html_url":"https://github.com/bob/agilezen","description":"A
        Ruby wrapper for the AgileZen API (v1.0)","fork":true,"url":"https://api.github.com/repos/bob/agilezen","forks_url":"https://api.github.com/repos/bob/agilezen/forks","keys_url":"https://api.github.com/repos/bob/agilezen/keys{/key_id}","collaborators_url":"https://api.github.com/repos/bob/agilezen/collaborators{/collaborator}","teams_url":"https://api.github.com/repos/bob/agilezen/teams","hooks_url":"https://api.github.com/repos/bob/agilezen/hooks","issue_events_url":"https://api.github.com/repos/bob/agilezen/issues/events{/number}","events_url":"https://api.github.com/repos/bob/agilezen/events","assignees_url":"https://api.github.com/repos/bob/agilezen/assignees{/user}","branches_url":"https://api.github.com/repos/bob/agilezen/branches{/branch}","tags_url":"https://api.github.com/repos/bob/agilezen/tags","blobs_url":"https://api.github.com/repos/bob/agilezen/git/blobs{/sha}","git_tags_url":"https://api.github.com/repos/bob/agilezen/git/tags{/sha}","git_refs_url":"https://api.github.com/repos/bob/agilezen/git/refs{/sha}","trees_url":"https://api.github.com/repos/bob/agilezen/git/trees{/sha}","statuses_url":"https://api.github.com/repos/bob/agilezen/statuses/{sha}","languages_url":"https://api.github.com/repos/bob/agilezen/languages","stargazers_url":"https://api.github.com/repos/bob/agilezen/stargazers","contributors_url":"https://api.github.com/repos/bob/agilezen/contributors","subscribers_url":"https://api.github.com/repos/bob/agilezen/subscribers","subscription_url":"https://api.github.com/repos/bob/agilezen/subscription","commits_url":"https://api.github.com/repos/bob/agilezen/commits{/sha}","git_commits_url":"https://api.github.com/repos/bob/agilezen/git/commits{/sha}","comments_url":"https://api.github.com/repos/bob/agilezen/comments{/number}","issue_comment_url":"https://api.github.com/repos/bob/agilezen/issues/comments/{number}","contents_url":"https://api.github.com/repos/bob/agilezen/contents/{+path}","compare_url":"https://api.github.com/repos/bob/agilezen/compare/{base}...{head}","merges_url":"https://api.github.com/repos/bob/agilezen/merges","archive_url":"https://api.github.com/repos/bob/agilezen/{archive_format}{/ref}","downloads_url":"https://api.github.com/repos/bob/agilezen/downloads","issues_url":"https://api.github.com/repos/bob/agilezen/issues{/number}","pulls_url":"https://api.github.com/repos/bob/agilezen/pulls{/number}","milestones_url":"https://api.github.com/repos/bob/agilezen/milestones{/number}","notifications_url":"https://api.github.com/repos/bob/agilezen/notifications{?since,all,participating}","labels_url":"https://api.github.com/repos/bob/agilezen/labels{/name}","releases_url":"https://api.github.com/repos/bob/agilezen/releases{/id}","created_at":"2012-08-22T17:37:03Z","updated_at":"2013-01-11T22:04:14Z","pushed_at":"2012-08-26T20:54:42Z","git_url":"git://github.com/bob/agilezen.git","ssh_url":"git@github.com:bob/agilezen.git","clone_url":"https://github.com/bob/agilezen.git","svn_url":"https://github.com/bob/agilezen","homepage":"http://raid5.github.com/agilezen","size":184,"stargazers_count":0,"watchers_count":0,"language":"Ruby","has_issues":false,"has_downloads":true,"has_wiki":true,"forks_count":0,"mirror_url":null,"open_issues_count":0,"forks":0,"open_issues":0,"watchers":0,"default_branch":"master","permissions":{"admin":false,"push":false,"pull":true}},{"id":11559622,"name":"donatecn","full_name":"bob/donatecn","owner":{"login":"bob","id":1436,"avatar_url":"https://avatars.githubusercontent.com/u/1436?","gravatar_id":"807d248f338fe12e100c6dc5c919a50d","url":"https://api.github.com/users/bob","html_url":"https://github.com/bob","followers_url":"https://api.github.com/users/bob/followers","following_url":"https://api.github.com/users/bob/following{/other_user}","gists_url":"https://api.github.com/users/bob/gists{/gist_id}","starred_url":"https://api.github.com/users/bob/starred{/owner}{/repo}","subscriptions_url":"https://api.github.com/users/bob/subscriptions","organizations_url":"https://api.github.com/users/bob/orgs","repos_url":"https://api.github.com/users/bob/repos","events_url":"https://api.github.com/users/bob/events{/privacy}","received_events_url":"https://api.github.com/users/bob/received_events","type":"User","site_admin":false},"private":false,"html_url":"https://github.com/bob/donatecn","description":"demo
        for activemerchant_patch_for_china","fork":true,"url":"https://api.github.com/repos/bob/donatecn","forks_url":"https://api.github.com/repos/bob/donatecn/forks","keys_url":"https://api.github.com/repos/bob/donatecn/keys{/key_id}","collaborators_url":"https://api.github.com/repos/bob/donatecn/collaborators{/collaborator}","teams_url":"https://api.github.com/repos/bob/donatecn/teams","hooks_url":"https://api.github.com/repos/bob/donatecn/hooks","issue_events_url":"https://api.github.com/repos/bob/donatecn/issues/events{/number}","events_url":"https://api.github.com/repos/bob/donatecn/events","assignees_url":"https://api.github.com/repos/bob/donatecn/assignees{/user}","branches_url":"https://api.github.com/repos/bob/donatecn/branches{/branch}","tags_url":"https://api.github.com/repos/bob/donatecn/tags","blobs_url":"https://api.github.com/repos/bob/donatecn/git/blobs{/sha}","git_tags_url":"https://api.github.com/repos/bob/donatecn/git/tags{/sha}","git_refs_url":"https://api.github.com/repos/bob/donatecn/git/refs{/sha}","trees_url":"https://api.github.com/repos/bob/donatecn/git/trees{/sha}","statuses_url":"https://api.github.com/repos/bob/donatecn/statuses/{sha}","languages_url":"https://api.github.com/repos/bob/donatecn/languages","stargazers_url":"https://api.github.com/repos/bob/donatecn/stargazers","contributors_url":"https://api.github.com/repos/bob/donatecn/contributors","subscribers_url":"https://api.github.com/repos/bob/donatecn/subscribers","subscription_url":"https://api.github.com/repos/bob/donatecn/subscription","commits_url":"https://api.github.com/repos/bob/donatecn/commits{/sha}","git_commits_url":"https://api.github.com/repos/bob/donatecn/git/commits{/sha}","comments_url":"https://api.github.com/repos/bob/donatecn/comments{/number}","issue_comment_url":"https://api.github.com/repos/bob/donatecn/issues/comments/{number}","contents_url":"https://api.github.com/repos/bob/donatecn/contents/{+path}","compare_url":"https://api.github.com/repos/bob/donatecn/compare/{base}...{head}","merges_url":"https://api.github.com/repos/bob/donatecn/merges","archive_url":"https://api.github.com/repos/bob/donatecn/{archive_format}{/ref}","downloads_url":"https://api.github.com/repos/bob/donatecn/downloads","issues_url":"https://api.github.com/repos/bob/donatecn/issues{/number}","pulls_url":"https://api.github.com/repos/bob/donatecn/pulls{/number}","milestones_url":"https://api.github.com/repos/bob/donatecn/milestones{/number}","notifications_url":"https://api.github.com/repos/bob/donatecn/notifications{?since,all,participating}","labels_url":"https://api.github.com/repos/bob/donatecn/labels{/name}","releases_url":"https://api.github.com/repos/bob/donatecn/releases{/id}","created_at":"2013-07-21T09:22:16Z","updated_at":"2013-07-21T09:22:16Z","pushed_at":"2012-08-04T14:35:05Z","git_url":"git://github.com/bob/donatecn.git","ssh_url":"git@github.com:bob/donatecn.git","clone_url":"https://github.com/bob/donatecn.git","svn_url":"https://github.com/bob/donatecn","homepage":"http://donate.huangzhimin.com","size":181,"stargazers_count":0,"watchers_count":0,"language":"Ruby","has_issues":false,"has_downloads":true,"has_wiki":true,"forks_count":0,"mirror_url":null,"open_issues_count":0,"forks":0,"open_issues":0,"watchers":0,"default_branch":"master","permissions":{"admin":false,"push":false,"pull":true}},{"id":305397,"name":"eventify","full_name":"bob/eventify","owner":{"login":"bob","id":1436,"avatar_url":"https://avatars.githubusercontent.com/u/1436?","gravatar_id":"807d248f338fe12e100c6dc5c919a50d","url":"https://api.github.com/users/bob","html_url":"https://github.com/bob","followers_url":"https://api.github.com/users/bob/followers","following_url":"https://api.github.com/users/bob/following{/other_user}","gists_url":"https://api.github.com/users/bob/gists{/gist_id}","starred_url":"https://api.github.com/users/bob/starred{/owner}{/repo}","subscriptions_url":"https://api.github.com/users/bob/subscriptions","organizations_url":"https://api.github.com/users/bob/orgs","repos_url":"https://api.github.com/users/bob/repos","events_url":"https://api.github.com/users/bob/events{/privacy}","received_events_url":"https://api.github.com/users/bob/received_events","type":"User","site_admin":false},"private":false,"html_url":"https://github.com/bob/eventify","description":"SImple
        events manager","fork":false,"url":"https://api.github.com/repos/bob/eventify","forks_url":"https://api.github.com/repos/bob/eventify/forks","keys_url":"https://api.github.com/repos/bob/eventify/keys{/key_id}","collaborators_url":"https://api.github.com/repos/bob/eventify/collaborators{/collaborator}","teams_url":"https://api.github.com/repos/bob/eventify/teams","hooks_url":"https://api.github.com/repos/bob/eventify/hooks","issue_events_url":"https://api.github.com/repos/bob/eventify/issues/events{/number}","events_url":"https://api.github.com/repos/bob/eventify/events","assignees_url":"https://api.github.com/repos/bob/eventify/assignees{/user}","branches_url":"https://api.github.com/repos/bob/eventify/branches{/branch}","tags_url":"https://api.github.com/repos/bob/eventify/tags","blobs_url":"https://api.github.com/repos/bob/eventify/git/blobs{/sha}","git_tags_url":"https://api.github.com/repos/bob/eventify/git/tags{/sha}","git_refs_url":"https://api.github.com/repos/bob/eventify/git/refs{/sha}","trees_url":"https://api.github.com/repos/bob/eventify/git/trees{/sha}","statuses_url":"https://api.github.com/repos/bob/eventify/statuses/{sha}","languages_url":"https://api.github.com/repos/bob/eventify/languages","stargazers_url":"https://api.github.com/repos/bob/eventify/stargazers","contributors_url":"https://api.github.com/repos/bob/eventify/contributors","subscribers_url":"https://api.github.com/repos/bob/eventify/subscribers","subscription_url":"https://api.github.com/repos/bob/eventify/subscription","commits_url":"https://api.github.com/repos/bob/eventify/commits{/sha}","git_commits_url":"https://api.github.com/repos/bob/eventify/git/commits{/sha}","comments_url":"https://api.github.com/repos/bob/eventify/comments{/number}","issue_comment_url":"https://api.github.com/repos/bob/eventify/issues/comments/{number}","contents_url":"https://api.github.com/repos/bob/eventify/contents/{+path}","compare_url":"https://api.github.com/repos/bob/eventify/compare/{base}...{head}","merges_url":"https://api.github.com/repos/bob/eventify/merges","archive_url":"https://api.github.com/repos/bob/eventify/{archive_format}{/ref}","downloads_url":"https://api.github.com/repos/bob/eventify/downloads","issues_url":"https://api.github.com/repos/bob/eventify/issues{/number}","pulls_url":"https://api.github.com/repos/bob/eventify/pulls{/number}","milestones_url":"https://api.github.com/repos/bob/eventify/milestones{/number}","notifications_url":"https://api.github.com/repos/bob/eventify/notifications{?since,all,participating}","labels_url":"https://api.github.com/repos/bob/eventify/labels{/name}","releases_url":"https://api.github.com/repos/bob/eventify/releases{/id}","created_at":"2009-09-12T23:57:48Z","updated_at":"2014-01-17T09:30:06Z","pushed_at":"2009-09-13T00:05:20Z","git_url":"git://github.com/bob/eventify.git","ssh_url":"git@github.com:bob/eventify.git","clone_url":"https://github.com/bob/eventify.git","svn_url":"https://github.com/bob/eventify","homepage":"","size":88,"stargazers_count":1,"watchers_count":1,"language":"Ruby","has_issues":true,"has_downloads":true,"has_wiki":true,"forks_count":0,"mirror_url":null,"open_issues_count":0,"forks":0,"open_issues":0,"watchers":1,"default_branch":"master","permissions":{"admin":false,"push":false,"pull":true}},{"id":15995461,"name":"mangajo","full_name":"bob/mangajo","owner":{"login":"bob","id":1436,"avatar_url":"https://avatars.githubusercontent.com/u/1436?","gravatar_id":"807d248f338fe12e100c6dc5c919a50d","url":"https://api.github.com/users/bob","html_url":"https://github.com/bob","followers_url":"https://api.github.com/users/bob/followers","following_url":"https://api.github.com/users/bob/following{/other_user}","gists_url":"https://api.github.com/users/bob/gists{/gist_id}","starred_url":"https://api.github.com/users/bob/starred{/owner}{/repo}","subscriptions_url":"https://api.github.com/users/bob/subscriptions","organizations_url":"https://api.github.com/users/bob/orgs","repos_url":"https://api.github.com/users/bob/repos","events_url":"https://api.github.com/users/bob/events{/privacy}","received_events_url":"https://api.github.com/users/bob/received_events","type":"User","site_admin":false},"private":false,"html_url":"https://github.com/bob/mangajo","description":"","fork":false,"url":"https://api.github.com/repos/bob/mangajo","forks_url":"https://api.github.com/repos/bob/mangajo/forks","keys_url":"https://api.github.com/repos/bob/mangajo/keys{/key_id}","collaborators_url":"https://api.github.com/repos/bob/mangajo/collaborators{/collaborator}","teams_url":"https://api.github.com/repos/bob/mangajo/teams","hooks_url":"https://api.github.com/repos/bob/mangajo/hooks","issue_events_url":"https://api.github.com/repos/bob/mangajo/issues/events{/number}","events_url":"https://api.github.com/repos/bob/mangajo/events","assignees_url":"https://api.github.com/repos/bob/mangajo/assignees{/user}","branches_url":"https://api.github.com/repos/bob/mangajo/branches{/branch}","tags_url":"https://api.github.com/repos/bob/mangajo/tags","blobs_url":"https://api.github.com/repos/bob/mangajo/git/blobs{/sha}","git_tags_url":"https://api.github.com/repos/bob/mangajo/git/tags{/sha}","git_refs_url":"https://api.github.com/repos/bob/mangajo/git/refs{/sha}","trees_url":"https://api.github.com/repos/bob/mangajo/git/trees{/sha}","statuses_url":"https://api.github.com/repos/bob/mangajo/statuses/{sha}","languages_url":"https://api.github.com/repos/bob/mangajo/languages","stargazers_url":"https://api.github.com/repos/bob/mangajo/stargazers","contributors_url":"https://api.github.com/repos/bob/mangajo/contributors","subscribers_url":"https://api.github.com/repos/bob/mangajo/subscribers","subscription_url":"https://api.github.com/repos/bob/mangajo/subscription","commits_url":"https://api.github.com/repos/bob/mangajo/commits{/sha}","git_commits_url":"https://api.github.com/repos/bob/mangajo/git/commits{/sha}","comments_url":"https://api.github.com/repos/bob/mangajo/comments{/number}","issue_comment_url":"https://api.github.com/repos/bob/mangajo/issues/comments/{number}","contents_url":"https://api.github.com/repos/bob/mangajo/contents/{+path}","compare_url":"https://api.github.com/repos/bob/mangajo/compare/{base}...{head}","merges_url":"https://api.github.com/repos/bob/mangajo/merges","archive_url":"https://api.github.com/repos/bob/mangajo/{archive_format}{/ref}","downloads_url":"https://api.github.com/repos/bob/mangajo/downloads","issues_url":"https://api.github.com/repos/bob/mangajo/issues{/number}","pulls_url":"https://api.github.com/repos/bob/mangajo/pulls{/number}","milestones_url":"https://api.github.com/repos/bob/mangajo/milestones{/number}","notifications_url":"https://api.github.com/repos/bob/mangajo/notifications{?since,all,participating}","labels_url":"https://api.github.com/repos/bob/mangajo/labels{/name}","releases_url":"https://api.github.com/repos/bob/mangajo/releases{/id}","created_at":"2014-01-17T09:32:04Z","updated_at":"2014-04-28T19:09:55Z","pushed_at":"2014-04-28T19:09:54Z","git_url":"git://github.com/bob/mangajo.git","ssh_url":"git@github.com:bob/mangajo.git","clone_url":"https://github.com/bob/mangajo.git","svn_url":"https://github.com/bob/mangajo","homepage":null,"size":492,"stargazers_count":0,"watchers_count":0,"language":"Ruby","has_issues":true,"has_downloads":true,"has_wiki":true,"forks_count":0,"mirror_url":null,"open_issues_count":0,"forks":0,"open_issues":0,"watchers":0,"default_branch":"master","permissions":{"admin":false,"push":false,"pull":true}},{"id":1487811,"name":"Messager","full_name":"bob/Messager","owner":{"login":"bob","id":1436,"avatar_url":"https://avatars.githubusercontent.com/u/1436?","gravatar_id":"807d248f338fe12e100c6dc5c919a50d","url":"https://api.github.com/users/bob","html_url":"https://github.com/bob","followers_url":"https://api.github.com/users/bob/followers","following_url":"https://api.github.com/users/bob/following{/other_user}","gists_url":"https://api.github.com/users/bob/gists{/gist_id}","starred_url":"https://api.github.com/users/bob/starred{/owner}{/repo}","subscriptions_url":"https://api.github.com/users/bob/subscriptions","organizations_url":"https://api.github.com/users/bob/orgs","repos_url":"https://api.github.com/users/bob/repos","events_url":"https://api.github.com/users/bob/events{/privacy}","received_events_url":"https://api.github.com/users/bob/received_events","type":"User","site_admin":false},"private":false,"html_url":"https://github.com/bob/Messager","description":"","fork":false,"url":"https://api.github.com/repos/bob/Messager","forks_url":"https://api.github.com/repos/bob/Messager/forks","keys_url":"https://api.github.com/repos/bob/Messager/keys{/key_id}","collaborators_url":"https://api.github.com/repos/bob/Messager/collaborators{/collaborator}","teams_url":"https://api.github.com/repos/bob/Messager/teams","hooks_url":"https://api.github.com/repos/bob/Messager/hooks","issue_events_url":"https://api.github.com/repos/bob/Messager/issues/events{/number}","events_url":"https://api.github.com/repos/bob/Messager/events","assignees_url":"https://api.github.com/repos/bob/Messager/assignees{/user}","branches_url":"https://api.github.com/repos/bob/Messager/branches{/branch}","tags_url":"https://api.github.com/repos/bob/Messager/tags","blobs_url":"https://api.github.com/repos/bob/Messager/git/blobs{/sha}","git_tags_url":"https://api.github.com/repos/bob/Messager/git/tags{/sha}","git_refs_url":"https://api.github.com/repos/bob/Messager/git/refs{/sha}","trees_url":"https://api.github.com/repos/bob/Messager/git/trees{/sha}","statuses_url":"https://api.github.com/repos/bob/Messager/statuses/{sha}","languages_url":"https://api.github.com/repos/bob/Messager/languages","stargazers_url":"https://api.github.com/repos/bob/Messager/stargazers","contributors_url":"https://api.github.com/repos/bob/Messager/contributors","subscribers_url":"https://api.github.com/repos/bob/Messager/subscribers","subscription_url":"https://api.github.com/repos/bob/Messager/subscription","commits_url":"https://api.github.com/repos/bob/Messager/commits{/sha}","git_commits_url":"https://api.github.com/repos/bob/Messager/git/commits{/sha}","comments_url":"https://api.github.com/repos/bob/Messager/comments{/number}","issue_comment_url":"https://api.github.com/repos/bob/Messager/issues/comments/{number}","contents_url":"https://api.github.com/repos/bob/Messager/contents/{+path}","compare_url":"https://api.github.com/repos/bob/Messager/compare/{base}...{head}","merges_url":"https://api.github.com/repos/bob/Messager/merges","archive_url":"https://api.github.com/repos/bob/Messager/{archive_format}{/ref}","downloads_url":"https://api.github.com/repos/bob/Messager/downloads","issues_url":"https://api.github.com/repos/bob/Messager/issues{/number}","pulls_url":"https://api.github.com/repos/bob/Messager/pulls{/number}","milestones_url":"https://api.github.com/repos/bob/Messager/milestones{/number}","notifications_url":"https://api.github.com/repos/bob/Messager/notifications{?since,all,participating}","labels_url":"https://api.github.com/repos/bob/Messager/labels{/name}","releases_url":"https://api.github.com/repos/bob/Messager/releases{/id}","created_at":"2011-03-16T16:06:04Z","updated_at":"2014-02-19T03:08:35Z","pushed_at":"2011-04-18T12:10:54Z","git_url":"git://github.com/bob/Messager.git","ssh_url":"git@github.com:bob/Messager.git","clone_url":"https://github.com/bob/Messager.git","svn_url":"https://github.com/bob/Messager","homepage":"","size":532,"stargazers_count":0,"watchers_count":0,"language":"Ruby","has_issues":true,"has_downloads":true,"has_wiki":true,"forks_count":0,"mirror_url":null,"open_issues_count":0,"forks":0,"open_issues":0,"watchers":0,"default_branch":"master","permissions":{"admin":false,"push":false,"pull":true}},{"id":3787363,"name":"rails_sql_views","full_name":"bob/rails_sql_views","owner":{"login":"bob","id":1436,"avatar_url":"https://avatars.githubusercontent.com/u/1436?","gravatar_id":"807d248f338fe12e100c6dc5c919a50d","url":"https://api.github.com/users/bob","html_url":"https://github.com/bob","followers_url":"https://api.github.com/users/bob/followers","following_url":"https://api.github.com/users/bob/following{/other_user}","gists_url":"https://api.github.com/users/bob/gists{/gist_id}","starred_url":"https://api.github.com/users/bob/starred{/owner}{/repo}","subscriptions_url":"https://api.github.com/users/bob/subscriptions","organizations_url":"https://api.github.com/users/bob/orgs","repos_url":"https://api.github.com/users/bob/repos","events_url":"https://api.github.com/users/bob/events{/privacy}","received_events_url":"https://api.github.com/users/bob/received_events","type":"User","site_admin":false},"private":false,"html_url":"https://github.com/bob/rails_sql_views","description":"Rails
        SQL Views project extracted from ActiveWarehouse","fork":true,"url":"https://api.github.com/repos/bob/rails_sql_views","forks_url":"https://api.github.com/repos/bob/rails_sql_views/forks","keys_url":"https://api.github.com/repos/bob/rails_sql_views/keys{/key_id}","collaborators_url":"https://api.github.com/repos/bob/rails_sql_views/collaborators{/collaborator}","teams_url":"https://api.github.com/repos/bob/rails_sql_views/teams","hooks_url":"https://api.github.com/repos/bob/rails_sql_views/hooks","issue_events_url":"https://api.github.com/repos/bob/rails_sql_views/issues/events{/number}","events_url":"https://api.github.com/repos/bob/rails_sql_views/events","assignees_url":"https://api.github.com/repos/bob/rails_sql_views/assignees{/user}","branches_url":"https://api.github.com/repos/bob/rails_sql_views/branches{/branch}","tags_url":"https://api.github.com/repos/bob/rails_sql_views/tags","blobs_url":"https://api.github.com/repos/bob/rails_sql_views/git/blobs{/sha}","git_tags_url":"https://api.github.com/repos/bob/rails_sql_views/git/tags{/sha}","git_refs_url":"https://api.github.com/repos/bob/rails_sql_views/git/refs{/sha}","trees_url":"https://api.github.com/repos/bob/rails_sql_views/git/trees{/sha}","statuses_url":"https://api.github.com/repos/bob/rails_sql_views/statuses/{sha}","languages_url":"https://api.github.com/repos/bob/rails_sql_views/languages","stargazers_url":"https://api.github.com/repos/bob/rails_sql_views/stargazers","contributors_url":"https://api.github.com/repos/bob/rails_sql_views/contributors","subscribers_url":"https://api.github.com/repos/bob/rails_sql_views/subscribers","subscription_url":"https://api.github.com/repos/bob/rails_sql_views/subscription","commits_url":"https://api.github.com/repos/bob/rails_sql_views/commits{/sha}","git_commits_url":"https://api.github.com/repos/bob/rails_sql_views/git/commits{/sha}","comments_url":"https://api.github.com/repos/bob/rails_sql_views/comments{/number}","issue_comment_url":"https://api.github.com/repos/bob/rails_sql_views/issues/comments/{number}","contents_url":"https://api.github.com/repos/bob/rails_sql_views/contents/{+path}","compare_url":"https://api.github.com/repos/bob/rails_sql_views/compare/{base}...{head}","merges_url":"https://api.github.com/repos/bob/rails_sql_views/merges","archive_url":"https://api.github.com/repos/bob/rails_sql_views/{archive_format}{/ref}","downloads_url":"https://api.github.com/repos/bob/rails_sql_views/downloads","issues_url":"https://api.github.com/repos/bob/rails_sql_views/issues{/number}","pulls_url":"https://api.github.com/repos/bob/rails_sql_views/pulls{/number}","milestones_url":"https://api.github.com/repos/bob/rails_sql_views/milestones{/number}","notifications_url":"https://api.github.com/repos/bob/rails_sql_views/notifications{?since,all,participating}","labels_url":"https://api.github.com/repos/bob/rails_sql_views/labels{/name}","releases_url":"https://api.github.com/repos/bob/rails_sql_views/releases{/id}","created_at":"2012-03-21T14:30:52Z","updated_at":"2014-01-17T09:30:27Z","pushed_at":"2012-03-21T14:33:01Z","git_url":"git://github.com/bob/rails_sql_views.git","ssh_url":"git@github.com:bob/rails_sql_views.git","clone_url":"https://github.com/bob/rails_sql_views.git","svn_url":"https://github.com/bob/rails_sql_views","homepage":"http://activewarehouse.rubyforge.org/rails_sql_views","size":169,"stargazers_count":0,"watchers_count":0,"language":"Ruby","has_issues":false,"has_downloads":true,"has_wiki":true,"forks_count":1,"mirror_url":null,"open_issues_count":0,"forks":1,"open_issues":0,"watchers":0,"default_branch":"master","permissions":{"admin":false,"push":false,"pull":true}}]'
    http_version: 
  recorded_at: Fri, 01 Mar 2013 06:00:04 GMT
- request:
    method: get
    uri: https://api.github.com/users/bob/repos
    body:
      encoding: US-ASCII
      string: ''
    headers:
      Accept:
      - application/vnd.github.v3+json
      User-Agent:
      - Octokit Ruby Gem 3.1.0
      Authorization:
      - token d141ef15f79ca4c6f43a8c688e0434648f277f20
      Accept-Encoding:
      - gzip;q=1.0,deflate;q=0.6,identity;q=0.3
  response:
    status:
      code: 200
      message: OK
    headers:
      Server:
      - GitHub.com
      Date:
      - Tue, 03 Jun 2014 18:51:54 GMT
      Content-Type:
      - application/json; charset=utf-8
      Transfer-Encoding:
      - chunked
      Status:
      - 200 OK
      X-Ratelimit-Limit:
      - '5000'
      X-Ratelimit-Remaining:
      - '4836'
      X-Ratelimit-Reset:
      - '1401823096'
      Cache-Control:
      - private, max-age=60, s-maxage=60
      Etag:
      - '"f7dd589fb1d29652d4b5ac2b236277ca"'
      X-Oauth-Scopes:
      - public_repo, user
      X-Accepted-Oauth-Scopes:
      - ''
      Vary:
      - Accept, Authorization, Cookie, X-GitHub-OTP
      - Accept-Encoding
      X-Github-Media-Type:
      - github.v3; format=json
      X-Xss-Protection:
      - 1; mode=block
      X-Frame-Options:
      - deny
      Content-Security-Policy:
      - default-src 'none'
      Access-Control-Allow-Credentials:
      - 'true'
      Access-Control-Expose-Headers:
      - ETag, Link, X-GitHub-OTP, X-RateLimit-Limit, X-RateLimit-Remaining, X-RateLimit-Reset,
        X-OAuth-Scopes, X-Accepted-OAuth-Scopes, X-Poll-Interval
      Access-Control-Allow-Origin:
      - "*"
      X-Github-Request-Id:
      - 44358582:089D:C9EFA5B:538E194A
      Strict-Transport-Security:
      - max-age=31536000
      X-Content-Type-Options:
      - nosniff
      X-Served-By:
      - 3061975e1f37121b3751604ad153c687
    body:
      encoding: UTF-8
      string: '[{"id":5512967,"name":"agilezen","full_name":"bob/agilezen","owner":{"login":"bob","id":1436,"avatar_url":"https://avatars.githubusercontent.com/u/1436?","gravatar_id":"807d248f338fe12e100c6dc5c919a50d","url":"https://api.github.com/users/bob","html_url":"https://github.com/bob","followers_url":"https://api.github.com/users/bob/followers","following_url":"https://api.github.com/users/bob/following{/other_user}","gists_url":"https://api.github.com/users/bob/gists{/gist_id}","starred_url":"https://api.github.com/users/bob/starred{/owner}{/repo}","subscriptions_url":"https://api.github.com/users/bob/subscriptions","organizations_url":"https://api.github.com/users/bob/orgs","repos_url":"https://api.github.com/users/bob/repos","events_url":"https://api.github.com/users/bob/events{/privacy}","received_events_url":"https://api.github.com/users/bob/received_events","type":"User","site_admin":false},"private":false,"html_url":"https://github.com/bob/agilezen","description":"A
        Ruby wrapper for the AgileZen API (v1.0)","fork":true,"url":"https://api.github.com/repos/bob/agilezen","forks_url":"https://api.github.com/repos/bob/agilezen/forks","keys_url":"https://api.github.com/repos/bob/agilezen/keys{/key_id}","collaborators_url":"https://api.github.com/repos/bob/agilezen/collaborators{/collaborator}","teams_url":"https://api.github.com/repos/bob/agilezen/teams","hooks_url":"https://api.github.com/repos/bob/agilezen/hooks","issue_events_url":"https://api.github.com/repos/bob/agilezen/issues/events{/number}","events_url":"https://api.github.com/repos/bob/agilezen/events","assignees_url":"https://api.github.com/repos/bob/agilezen/assignees{/user}","branches_url":"https://api.github.com/repos/bob/agilezen/branches{/branch}","tags_url":"https://api.github.com/repos/bob/agilezen/tags","blobs_url":"https://api.github.com/repos/bob/agilezen/git/blobs{/sha}","git_tags_url":"https://api.github.com/repos/bob/agilezen/git/tags{/sha}","git_refs_url":"https://api.github.com/repos/bob/agilezen/git/refs{/sha}","trees_url":"https://api.github.com/repos/bob/agilezen/git/trees{/sha}","statuses_url":"https://api.github.com/repos/bob/agilezen/statuses/{sha}","languages_url":"https://api.github.com/repos/bob/agilezen/languages","stargazers_url":"https://api.github.com/repos/bob/agilezen/stargazers","contributors_url":"https://api.github.com/repos/bob/agilezen/contributors","subscribers_url":"https://api.github.com/repos/bob/agilezen/subscribers","subscription_url":"https://api.github.com/repos/bob/agilezen/subscription","commits_url":"https://api.github.com/repos/bob/agilezen/commits{/sha}","git_commits_url":"https://api.github.com/repos/bob/agilezen/git/commits{/sha}","comments_url":"https://api.github.com/repos/bob/agilezen/comments{/number}","issue_comment_url":"https://api.github.com/repos/bob/agilezen/issues/comments/{number}","contents_url":"https://api.github.com/repos/bob/agilezen/contents/{+path}","compare_url":"https://api.github.com/repos/bob/agilezen/compare/{base}...{head}","merges_url":"https://api.github.com/repos/bob/agilezen/merges","archive_url":"https://api.github.com/repos/bob/agilezen/{archive_format}{/ref}","downloads_url":"https://api.github.com/repos/bob/agilezen/downloads","issues_url":"https://api.github.com/repos/bob/agilezen/issues{/number}","pulls_url":"https://api.github.com/repos/bob/agilezen/pulls{/number}","milestones_url":"https://api.github.com/repos/bob/agilezen/milestones{/number}","notifications_url":"https://api.github.com/repos/bob/agilezen/notifications{?since,all,participating}","labels_url":"https://api.github.com/repos/bob/agilezen/labels{/name}","releases_url":"https://api.github.com/repos/bob/agilezen/releases{/id}","created_at":"2012-08-22T17:37:03Z","updated_at":"2013-01-11T22:04:14Z","pushed_at":"2012-08-26T20:54:42Z","git_url":"git://github.com/bob/agilezen.git","ssh_url":"git@github.com:bob/agilezen.git","clone_url":"https://github.com/bob/agilezen.git","svn_url":"https://github.com/bob/agilezen","homepage":"http://raid5.github.com/agilezen","size":184,"stargazers_count":0,"watchers_count":0,"language":"Ruby","has_issues":false,"has_downloads":true,"has_wiki":true,"forks_count":0,"mirror_url":null,"open_issues_count":0,"forks":0,"open_issues":0,"watchers":0,"default_branch":"master","permissions":{"admin":false,"push":false,"pull":true}},{"id":11559622,"name":"donatecn","full_name":"bob/donatecn","owner":{"login":"bob","id":1436,"avatar_url":"https://avatars.githubusercontent.com/u/1436?","gravatar_id":"807d248f338fe12e100c6dc5c919a50d","url":"https://api.github.com/users/bob","html_url":"https://github.com/bob","followers_url":"https://api.github.com/users/bob/followers","following_url":"https://api.github.com/users/bob/following{/other_user}","gists_url":"https://api.github.com/users/bob/gists{/gist_id}","starred_url":"https://api.github.com/users/bob/starred{/owner}{/repo}","subscriptions_url":"https://api.github.com/users/bob/subscriptions","organizations_url":"https://api.github.com/users/bob/orgs","repos_url":"https://api.github.com/users/bob/repos","events_url":"https://api.github.com/users/bob/events{/privacy}","received_events_url":"https://api.github.com/users/bob/received_events","type":"User","site_admin":false},"private":false,"html_url":"https://github.com/bob/donatecn","description":"demo
        for activemerchant_patch_for_china","fork":true,"url":"https://api.github.com/repos/bob/donatecn","forks_url":"https://api.github.com/repos/bob/donatecn/forks","keys_url":"https://api.github.com/repos/bob/donatecn/keys{/key_id}","collaborators_url":"https://api.github.com/repos/bob/donatecn/collaborators{/collaborator}","teams_url":"https://api.github.com/repos/bob/donatecn/teams","hooks_url":"https://api.github.com/repos/bob/donatecn/hooks","issue_events_url":"https://api.github.com/repos/bob/donatecn/issues/events{/number}","events_url":"https://api.github.com/repos/bob/donatecn/events","assignees_url":"https://api.github.com/repos/bob/donatecn/assignees{/user}","branches_url":"https://api.github.com/repos/bob/donatecn/branches{/branch}","tags_url":"https://api.github.com/repos/bob/donatecn/tags","blobs_url":"https://api.github.com/repos/bob/donatecn/git/blobs{/sha}","git_tags_url":"https://api.github.com/repos/bob/donatecn/git/tags{/sha}","git_refs_url":"https://api.github.com/repos/bob/donatecn/git/refs{/sha}","trees_url":"https://api.github.com/repos/bob/donatecn/git/trees{/sha}","statuses_url":"https://api.github.com/repos/bob/donatecn/statuses/{sha}","languages_url":"https://api.github.com/repos/bob/donatecn/languages","stargazers_url":"https://api.github.com/repos/bob/donatecn/stargazers","contributors_url":"https://api.github.com/repos/bob/donatecn/contributors","subscribers_url":"https://api.github.com/repos/bob/donatecn/subscribers","subscription_url":"https://api.github.com/repos/bob/donatecn/subscription","commits_url":"https://api.github.com/repos/bob/donatecn/commits{/sha}","git_commits_url":"https://api.github.com/repos/bob/donatecn/git/commits{/sha}","comments_url":"https://api.github.com/repos/bob/donatecn/comments{/number}","issue_comment_url":"https://api.github.com/repos/bob/donatecn/issues/comments/{number}","contents_url":"https://api.github.com/repos/bob/donatecn/contents/{+path}","compare_url":"https://api.github.com/repos/bob/donatecn/compare/{base}...{head}","merges_url":"https://api.github.com/repos/bob/donatecn/merges","archive_url":"https://api.github.com/repos/bob/donatecn/{archive_format}{/ref}","downloads_url":"https://api.github.com/repos/bob/donatecn/downloads","issues_url":"https://api.github.com/repos/bob/donatecn/issues{/number}","pulls_url":"https://api.github.com/repos/bob/donatecn/pulls{/number}","milestones_url":"https://api.github.com/repos/bob/donatecn/milestones{/number}","notifications_url":"https://api.github.com/repos/bob/donatecn/notifications{?since,all,participating}","labels_url":"https://api.github.com/repos/bob/donatecn/labels{/name}","releases_url":"https://api.github.com/repos/bob/donatecn/releases{/id}","created_at":"2013-07-21T09:22:16Z","updated_at":"2013-07-21T09:22:16Z","pushed_at":"2012-08-04T14:35:05Z","git_url":"git://github.com/bob/donatecn.git","ssh_url":"git@github.com:bob/donatecn.git","clone_url":"https://github.com/bob/donatecn.git","svn_url":"https://github.com/bob/donatecn","homepage":"http://donate.huangzhimin.com","size":181,"stargazers_count":0,"watchers_count":0,"language":"Ruby","has_issues":false,"has_downloads":true,"has_wiki":true,"forks_count":0,"mirror_url":null,"open_issues_count":0,"forks":0,"open_issues":0,"watchers":0,"default_branch":"master","permissions":{"admin":false,"push":false,"pull":true}},{"id":305397,"name":"eventify","full_name":"bob/eventify","owner":{"login":"bob","id":1436,"avatar_url":"https://avatars.githubusercontent.com/u/1436?","gravatar_id":"807d248f338fe12e100c6dc5c919a50d","url":"https://api.github.com/users/bob","html_url":"https://github.com/bob","followers_url":"https://api.github.com/users/bob/followers","following_url":"https://api.github.com/users/bob/following{/other_user}","gists_url":"https://api.github.com/users/bob/gists{/gist_id}","starred_url":"https://api.github.com/users/bob/starred{/owner}{/repo}","subscriptions_url":"https://api.github.com/users/bob/subscriptions","organizations_url":"https://api.github.com/users/bob/orgs","repos_url":"https://api.github.com/users/bob/repos","events_url":"https://api.github.com/users/bob/events{/privacy}","received_events_url":"https://api.github.com/users/bob/received_events","type":"User","site_admin":false},"private":false,"html_url":"https://github.com/bob/eventify","description":"SImple
        events manager","fork":false,"url":"https://api.github.com/repos/bob/eventify","forks_url":"https://api.github.com/repos/bob/eventify/forks","keys_url":"https://api.github.com/repos/bob/eventify/keys{/key_id}","collaborators_url":"https://api.github.com/repos/bob/eventify/collaborators{/collaborator}","teams_url":"https://api.github.com/repos/bob/eventify/teams","hooks_url":"https://api.github.com/repos/bob/eventify/hooks","issue_events_url":"https://api.github.com/repos/bob/eventify/issues/events{/number}","events_url":"https://api.github.com/repos/bob/eventify/events","assignees_url":"https://api.github.com/repos/bob/eventify/assignees{/user}","branches_url":"https://api.github.com/repos/bob/eventify/branches{/branch}","tags_url":"https://api.github.com/repos/bob/eventify/tags","blobs_url":"https://api.github.com/repos/bob/eventify/git/blobs{/sha}","git_tags_url":"https://api.github.com/repos/bob/eventify/git/tags{/sha}","git_refs_url":"https://api.github.com/repos/bob/eventify/git/refs{/sha}","trees_url":"https://api.github.com/repos/bob/eventify/git/trees{/sha}","statuses_url":"https://api.github.com/repos/bob/eventify/statuses/{sha}","languages_url":"https://api.github.com/repos/bob/eventify/languages","stargazers_url":"https://api.github.com/repos/bob/eventify/stargazers","contributors_url":"https://api.github.com/repos/bob/eventify/contributors","subscribers_url":"https://api.github.com/repos/bob/eventify/subscribers","subscription_url":"https://api.github.com/repos/bob/eventify/subscription","commits_url":"https://api.github.com/repos/bob/eventify/commits{/sha}","git_commits_url":"https://api.github.com/repos/bob/eventify/git/commits{/sha}","comments_url":"https://api.github.com/repos/bob/eventify/comments{/number}","issue_comment_url":"https://api.github.com/repos/bob/eventify/issues/comments/{number}","contents_url":"https://api.github.com/repos/bob/eventify/contents/{+path}","compare_url":"https://api.github.com/repos/bob/eventify/compare/{base}...{head}","merges_url":"https://api.github.com/repos/bob/eventify/merges","archive_url":"https://api.github.com/repos/bob/eventify/{archive_format}{/ref}","downloads_url":"https://api.github.com/repos/bob/eventify/downloads","issues_url":"https://api.github.com/repos/bob/eventify/issues{/number}","pulls_url":"https://api.github.com/repos/bob/eventify/pulls{/number}","milestones_url":"https://api.github.com/repos/bob/eventify/milestones{/number}","notifications_url":"https://api.github.com/repos/bob/eventify/notifications{?since,all,participating}","labels_url":"https://api.github.com/repos/bob/eventify/labels{/name}","releases_url":"https://api.github.com/repos/bob/eventify/releases{/id}","created_at":"2009-09-12T23:57:48Z","updated_at":"2014-01-17T09:30:06Z","pushed_at":"2009-09-13T00:05:20Z","git_url":"git://github.com/bob/eventify.git","ssh_url":"git@github.com:bob/eventify.git","clone_url":"https://github.com/bob/eventify.git","svn_url":"https://github.com/bob/eventify","homepage":"","size":88,"stargazers_count":1,"watchers_count":1,"language":"Ruby","has_issues":true,"has_downloads":true,"has_wiki":true,"forks_count":0,"mirror_url":null,"open_issues_count":0,"forks":0,"open_issues":0,"watchers":1,"default_branch":"master","permissions":{"admin":false,"push":false,"pull":true}},{"id":15995461,"name":"mangajo","full_name":"bob/mangajo","owner":{"login":"bob","id":1436,"avatar_url":"https://avatars.githubusercontent.com/u/1436?","gravatar_id":"807d248f338fe12e100c6dc5c919a50d","url":"https://api.github.com/users/bob","html_url":"https://github.com/bob","followers_url":"https://api.github.com/users/bob/followers","following_url":"https://api.github.com/users/bob/following{/other_user}","gists_url":"https://api.github.com/users/bob/gists{/gist_id}","starred_url":"https://api.github.com/users/bob/starred{/owner}{/repo}","subscriptions_url":"https://api.github.com/users/bob/subscriptions","organizations_url":"https://api.github.com/users/bob/orgs","repos_url":"https://api.github.com/users/bob/repos","events_url":"https://api.github.com/users/bob/events{/privacy}","received_events_url":"https://api.github.com/users/bob/received_events","type":"User","site_admin":false},"private":false,"html_url":"https://github.com/bob/mangajo","description":"","fork":false,"url":"https://api.github.com/repos/bob/mangajo","forks_url":"https://api.github.com/repos/bob/mangajo/forks","keys_url":"https://api.github.com/repos/bob/mangajo/keys{/key_id}","collaborators_url":"https://api.github.com/repos/bob/mangajo/collaborators{/collaborator}","teams_url":"https://api.github.com/repos/bob/mangajo/teams","hooks_url":"https://api.github.com/repos/bob/mangajo/hooks","issue_events_url":"https://api.github.com/repos/bob/mangajo/issues/events{/number}","events_url":"https://api.github.com/repos/bob/mangajo/events","assignees_url":"https://api.github.com/repos/bob/mangajo/assignees{/user}","branches_url":"https://api.github.com/repos/bob/mangajo/branches{/branch}","tags_url":"https://api.github.com/repos/bob/mangajo/tags","blobs_url":"https://api.github.com/repos/bob/mangajo/git/blobs{/sha}","git_tags_url":"https://api.github.com/repos/bob/mangajo/git/tags{/sha}","git_refs_url":"https://api.github.com/repos/bob/mangajo/git/refs{/sha}","trees_url":"https://api.github.com/repos/bob/mangajo/git/trees{/sha}","statuses_url":"https://api.github.com/repos/bob/mangajo/statuses/{sha}","languages_url":"https://api.github.com/repos/bob/mangajo/languages","stargazers_url":"https://api.github.com/repos/bob/mangajo/stargazers","contributors_url":"https://api.github.com/repos/bob/mangajo/contributors","subscribers_url":"https://api.github.com/repos/bob/mangajo/subscribers","subscription_url":"https://api.github.com/repos/bob/mangajo/subscription","commits_url":"https://api.github.com/repos/bob/mangajo/commits{/sha}","git_commits_url":"https://api.github.com/repos/bob/mangajo/git/commits{/sha}","comments_url":"https://api.github.com/repos/bob/mangajo/comments{/number}","issue_comment_url":"https://api.github.com/repos/bob/mangajo/issues/comments/{number}","contents_url":"https://api.github.com/repos/bob/mangajo/contents/{+path}","compare_url":"https://api.github.com/repos/bob/mangajo/compare/{base}...{head}","merges_url":"https://api.github.com/repos/bob/mangajo/merges","archive_url":"https://api.github.com/repos/bob/mangajo/{archive_format}{/ref}","downloads_url":"https://api.github.com/repos/bob/mangajo/downloads","issues_url":"https://api.github.com/repos/bob/mangajo/issues{/number}","pulls_url":"https://api.github.com/repos/bob/mangajo/pulls{/number}","milestones_url":"https://api.github.com/repos/bob/mangajo/milestones{/number}","notifications_url":"https://api.github.com/repos/bob/mangajo/notifications{?since,all,participating}","labels_url":"https://api.github.com/repos/bob/mangajo/labels{/name}","releases_url":"https://api.github.com/repos/bob/mangajo/releases{/id}","created_at":"2014-01-17T09:32:04Z","updated_at":"2014-04-28T19:09:55Z","pushed_at":"2014-04-28T19:09:54Z","git_url":"git://github.com/bob/mangajo.git","ssh_url":"git@github.com:bob/mangajo.git","clone_url":"https://github.com/bob/mangajo.git","svn_url":"https://github.com/bob/mangajo","homepage":null,"size":492,"stargazers_count":0,"watchers_count":0,"language":"Ruby","has_issues":true,"has_downloads":true,"has_wiki":true,"forks_count":0,"mirror_url":null,"open_issues_count":0,"forks":0,"open_issues":0,"watchers":0,"default_branch":"master","permissions":{"admin":false,"push":false,"pull":true}},{"id":1487811,"name":"Messager","full_name":"bob/Messager","owner":{"login":"bob","id":1436,"avatar_url":"https://avatars.githubusercontent.com/u/1436?","gravatar_id":"807d248f338fe12e100c6dc5c919a50d","url":"https://api.github.com/users/bob","html_url":"https://github.com/bob","followers_url":"https://api.github.com/users/bob/followers","following_url":"https://api.github.com/users/bob/following{/other_user}","gists_url":"https://api.github.com/users/bob/gists{/gist_id}","starred_url":"https://api.github.com/users/bob/starred{/owner}{/repo}","subscriptions_url":"https://api.github.com/users/bob/subscriptions","organizations_url":"https://api.github.com/users/bob/orgs","repos_url":"https://api.github.com/users/bob/repos","events_url":"https://api.github.com/users/bob/events{/privacy}","received_events_url":"https://api.github.com/users/bob/received_events","type":"User","site_admin":false},"private":false,"html_url":"https://github.com/bob/Messager","description":"","fork":false,"url":"https://api.github.com/repos/bob/Messager","forks_url":"https://api.github.com/repos/bob/Messager/forks","keys_url":"https://api.github.com/repos/bob/Messager/keys{/key_id}","collaborators_url":"https://api.github.com/repos/bob/Messager/collaborators{/collaborator}","teams_url":"https://api.github.com/repos/bob/Messager/teams","hooks_url":"https://api.github.com/repos/bob/Messager/hooks","issue_events_url":"https://api.github.com/repos/bob/Messager/issues/events{/number}","events_url":"https://api.github.com/repos/bob/Messager/events","assignees_url":"https://api.github.com/repos/bob/Messager/assignees{/user}","branches_url":"https://api.github.com/repos/bob/Messager/branches{/branch}","tags_url":"https://api.github.com/repos/bob/Messager/tags","blobs_url":"https://api.github.com/repos/bob/Messager/git/blobs{/sha}","git_tags_url":"https://api.github.com/repos/bob/Messager/git/tags{/sha}","git_refs_url":"https://api.github.com/repos/bob/Messager/git/refs{/sha}","trees_url":"https://api.github.com/repos/bob/Messager/git/trees{/sha}","statuses_url":"https://api.github.com/repos/bob/Messager/statuses/{sha}","languages_url":"https://api.github.com/repos/bob/Messager/languages","stargazers_url":"https://api.github.com/repos/bob/Messager/stargazers","contributors_url":"https://api.github.com/repos/bob/Messager/contributors","subscribers_url":"https://api.github.com/repos/bob/Messager/subscribers","subscription_url":"https://api.github.com/repos/bob/Messager/subscription","commits_url":"https://api.github.com/repos/bob/Messager/commits{/sha}","git_commits_url":"https://api.github.com/repos/bob/Messager/git/commits{/sha}","comments_url":"https://api.github.com/repos/bob/Messager/comments{/number}","issue_comment_url":"https://api.github.com/repos/bob/Messager/issues/comments/{number}","contents_url":"https://api.github.com/repos/bob/Messager/contents/{+path}","compare_url":"https://api.github.com/repos/bob/Messager/compare/{base}...{head}","merges_url":"https://api.github.com/repos/bob/Messager/merges","archive_url":"https://api.github.com/repos/bob/Messager/{archive_format}{/ref}","downloads_url":"https://api.github.com/repos/bob/Messager/downloads","issues_url":"https://api.github.com/repos/bob/Messager/issues{/number}","pulls_url":"https://api.github.com/repos/bob/Messager/pulls{/number}","milestones_url":"https://api.github.com/repos/bob/Messager/milestones{/number}","notifications_url":"https://api.github.com/repos/bob/Messager/notifications{?since,all,participating}","labels_url":"https://api.github.com/repos/bob/Messager/labels{/name}","releases_url":"https://api.github.com/repos/bob/Messager/releases{/id}","created_at":"2011-03-16T16:06:04Z","updated_at":"2014-02-19T03:08:35Z","pushed_at":"2011-04-18T12:10:54Z","git_url":"git://github.com/bob/Messager.git","ssh_url":"git@github.com:bob/Messager.git","clone_url":"https://github.com/bob/Messager.git","svn_url":"https://github.com/bob/Messager","homepage":"","size":532,"stargazers_count":0,"watchers_count":0,"language":"Ruby","has_issues":true,"has_downloads":true,"has_wiki":true,"forks_count":0,"mirror_url":null,"open_issues_count":0,"forks":0,"open_issues":0,"watchers":0,"default_branch":"master","permissions":{"admin":false,"push":false,"pull":true}},{"id":3787363,"name":"rails_sql_views","full_name":"bob/rails_sql_views","owner":{"login":"bob","id":1436,"avatar_url":"https://avatars.githubusercontent.com/u/1436?","gravatar_id":"807d248f338fe12e100c6dc5c919a50d","url":"https://api.github.com/users/bob","html_url":"https://github.com/bob","followers_url":"https://api.github.com/users/bob/followers","following_url":"https://api.github.com/users/bob/following{/other_user}","gists_url":"https://api.github.com/users/bob/gists{/gist_id}","starred_url":"https://api.github.com/users/bob/starred{/owner}{/repo}","subscriptions_url":"https://api.github.com/users/bob/subscriptions","organizations_url":"https://api.github.com/users/bob/orgs","repos_url":"https://api.github.com/users/bob/repos","events_url":"https://api.github.com/users/bob/events{/privacy}","received_events_url":"https://api.github.com/users/bob/received_events","type":"User","site_admin":false},"private":false,"html_url":"https://github.com/bob/rails_sql_views","description":"Rails
        SQL Views project extracted from ActiveWarehouse","fork":true,"url":"https://api.github.com/repos/bob/rails_sql_views","forks_url":"https://api.github.com/repos/bob/rails_sql_views/forks","keys_url":"https://api.github.com/repos/bob/rails_sql_views/keys{/key_id}","collaborators_url":"https://api.github.com/repos/bob/rails_sql_views/collaborators{/collaborator}","teams_url":"https://api.github.com/repos/bob/rails_sql_views/teams","hooks_url":"https://api.github.com/repos/bob/rails_sql_views/hooks","issue_events_url":"https://api.github.com/repos/bob/rails_sql_views/issues/events{/number}","events_url":"https://api.github.com/repos/bob/rails_sql_views/events","assignees_url":"https://api.github.com/repos/bob/rails_sql_views/assignees{/user}","branches_url":"https://api.github.com/repos/bob/rails_sql_views/branches{/branch}","tags_url":"https://api.github.com/repos/bob/rails_sql_views/tags","blobs_url":"https://api.github.com/repos/bob/rails_sql_views/git/blobs{/sha}","git_tags_url":"https://api.github.com/repos/bob/rails_sql_views/git/tags{/sha}","git_refs_url":"https://api.github.com/repos/bob/rails_sql_views/git/refs{/sha}","trees_url":"https://api.github.com/repos/bob/rails_sql_views/git/trees{/sha}","statuses_url":"https://api.github.com/repos/bob/rails_sql_views/statuses/{sha}","languages_url":"https://api.github.com/repos/bob/rails_sql_views/languages","stargazers_url":"https://api.github.com/repos/bob/rails_sql_views/stargazers","contributors_url":"https://api.github.com/repos/bob/rails_sql_views/contributors","subscribers_url":"https://api.github.com/repos/bob/rails_sql_views/subscribers","subscription_url":"https://api.github.com/repos/bob/rails_sql_views/subscription","commits_url":"https://api.github.com/repos/bob/rails_sql_views/commits{/sha}","git_commits_url":"https://api.github.com/repos/bob/rails_sql_views/git/commits{/sha}","comments_url":"https://api.github.com/repos/bob/rails_sql_views/comments{/number}","issue_comment_url":"https://api.github.com/repos/bob/rails_sql_views/issues/comments/{number}","contents_url":"https://api.github.com/repos/bob/rails_sql_views/contents/{+path}","compare_url":"https://api.github.com/repos/bob/rails_sql_views/compare/{base}...{head}","merges_url":"https://api.github.com/repos/bob/rails_sql_views/merges","archive_url":"https://api.github.com/repos/bob/rails_sql_views/{archive_format}{/ref}","downloads_url":"https://api.github.com/repos/bob/rails_sql_views/downloads","issues_url":"https://api.github.com/repos/bob/rails_sql_views/issues{/number}","pulls_url":"https://api.github.com/repos/bob/rails_sql_views/pulls{/number}","milestones_url":"https://api.github.com/repos/bob/rails_sql_views/milestones{/number}","notifications_url":"https://api.github.com/repos/bob/rails_sql_views/notifications{?since,all,participating}","labels_url":"https://api.github.com/repos/bob/rails_sql_views/labels{/name}","releases_url":"https://api.github.com/repos/bob/rails_sql_views/releases{/id}","created_at":"2012-03-21T14:30:52Z","updated_at":"2014-01-17T09:30:27Z","pushed_at":"2012-03-21T14:33:01Z","git_url":"git://github.com/bob/rails_sql_views.git","ssh_url":"git@github.com:bob/rails_sql_views.git","clone_url":"https://github.com/bob/rails_sql_views.git","svn_url":"https://github.com/bob/rails_sql_views","homepage":"http://activewarehouse.rubyforge.org/rails_sql_views","size":169,"stargazers_count":0,"watchers_count":0,"language":"Ruby","has_issues":false,"has_downloads":true,"has_wiki":true,"forks_count":1,"mirror_url":null,"open_issues_count":0,"forks":1,"open_issues":0,"watchers":0,"default_branch":"master","permissions":{"admin":false,"push":false,"pull":true}}]'
    http_version: 
  recorded_at: Fri, 01 Mar 2013 06:00:04 GMT
- request:
    method: get
    uri: https://api.github.com/users/bob/repos
    body:
      encoding: US-ASCII
      string: ''
    headers:
      Accept:
      - application/vnd.github.v3+json
      User-Agent:
      - Octokit Ruby Gem 3.1.0
      Authorization:
      - token d141ef15f79ca4c6f43a8c688e0434648f277f20
      Accept-Encoding:
      - gzip;q=1.0,deflate;q=0.6,identity;q=0.3
  response:
    status:
      code: 200
      message: OK
    headers:
      Server:
      - GitHub.com
      Date:
      - Tue, 03 Jun 2014 18:51:54 GMT
      Content-Type:
      - application/json; charset=utf-8
      Transfer-Encoding:
      - chunked
      Status:
      - 200 OK
      X-Ratelimit-Limit:
      - '5000'
      X-Ratelimit-Remaining:
      - '4835'
      X-Ratelimit-Reset:
      - '1401823096'
      Cache-Control:
      - private, max-age=60, s-maxage=60
      Etag:
      - '"f7dd589fb1d29652d4b5ac2b236277ca"'
      X-Oauth-Scopes:
      - public_repo, user
      X-Accepted-Oauth-Scopes:
      - ''
      Vary:
      - Accept, Authorization, Cookie, X-GitHub-OTP
      - Accept-Encoding
      X-Github-Media-Type:
      - github.v3; format=json
      X-Xss-Protection:
      - 1; mode=block
      X-Frame-Options:
      - deny
      Content-Security-Policy:
      - default-src 'none'
      Access-Control-Allow-Credentials:
      - 'true'
      Access-Control-Expose-Headers:
      - ETag, Link, X-GitHub-OTP, X-RateLimit-Limit, X-RateLimit-Remaining, X-RateLimit-Reset,
        X-OAuth-Scopes, X-Accepted-OAuth-Scopes, X-Poll-Interval
      Access-Control-Allow-Origin:
      - "*"
      X-Github-Request-Id:
      - 44358582:089D:C9EFA84:538E194A
      Strict-Transport-Security:
      - max-age=31536000
      X-Content-Type-Options:
      - nosniff
      X-Served-By:
      - 88d924ed861736d2749ce1a55766cb53
    body:
      encoding: UTF-8
      string: '[{"id":5512967,"name":"agilezen","full_name":"bob/agilezen","owner":{"login":"bob","id":1436,"avatar_url":"https://avatars.githubusercontent.com/u/1436?","gravatar_id":"807d248f338fe12e100c6dc5c919a50d","url":"https://api.github.com/users/bob","html_url":"https://github.com/bob","followers_url":"https://api.github.com/users/bob/followers","following_url":"https://api.github.com/users/bob/following{/other_user}","gists_url":"https://api.github.com/users/bob/gists{/gist_id}","starred_url":"https://api.github.com/users/bob/starred{/owner}{/repo}","subscriptions_url":"https://api.github.com/users/bob/subscriptions","organizations_url":"https://api.github.com/users/bob/orgs","repos_url":"https://api.github.com/users/bob/repos","events_url":"https://api.github.com/users/bob/events{/privacy}","received_events_url":"https://api.github.com/users/bob/received_events","type":"User","site_admin":false},"private":false,"html_url":"https://github.com/bob/agilezen","description":"A
        Ruby wrapper for the AgileZen API (v1.0)","fork":true,"url":"https://api.github.com/repos/bob/agilezen","forks_url":"https://api.github.com/repos/bob/agilezen/forks","keys_url":"https://api.github.com/repos/bob/agilezen/keys{/key_id}","collaborators_url":"https://api.github.com/repos/bob/agilezen/collaborators{/collaborator}","teams_url":"https://api.github.com/repos/bob/agilezen/teams","hooks_url":"https://api.github.com/repos/bob/agilezen/hooks","issue_events_url":"https://api.github.com/repos/bob/agilezen/issues/events{/number}","events_url":"https://api.github.com/repos/bob/agilezen/events","assignees_url":"https://api.github.com/repos/bob/agilezen/assignees{/user}","branches_url":"https://api.github.com/repos/bob/agilezen/branches{/branch}","tags_url":"https://api.github.com/repos/bob/agilezen/tags","blobs_url":"https://api.github.com/repos/bob/agilezen/git/blobs{/sha}","git_tags_url":"https://api.github.com/repos/bob/agilezen/git/tags{/sha}","git_refs_url":"https://api.github.com/repos/bob/agilezen/git/refs{/sha}","trees_url":"https://api.github.com/repos/bob/agilezen/git/trees{/sha}","statuses_url":"https://api.github.com/repos/bob/agilezen/statuses/{sha}","languages_url":"https://api.github.com/repos/bob/agilezen/languages","stargazers_url":"https://api.github.com/repos/bob/agilezen/stargazers","contributors_url":"https://api.github.com/repos/bob/agilezen/contributors","subscribers_url":"https://api.github.com/repos/bob/agilezen/subscribers","subscription_url":"https://api.github.com/repos/bob/agilezen/subscription","commits_url":"https://api.github.com/repos/bob/agilezen/commits{/sha}","git_commits_url":"https://api.github.com/repos/bob/agilezen/git/commits{/sha}","comments_url":"https://api.github.com/repos/bob/agilezen/comments{/number}","issue_comment_url":"https://api.github.com/repos/bob/agilezen/issues/comments/{number}","contents_url":"https://api.github.com/repos/bob/agilezen/contents/{+path}","compare_url":"https://api.github.com/repos/bob/agilezen/compare/{base}...{head}","merges_url":"https://api.github.com/repos/bob/agilezen/merges","archive_url":"https://api.github.com/repos/bob/agilezen/{archive_format}{/ref}","downloads_url":"https://api.github.com/repos/bob/agilezen/downloads","issues_url":"https://api.github.com/repos/bob/agilezen/issues{/number}","pulls_url":"https://api.github.com/repos/bob/agilezen/pulls{/number}","milestones_url":"https://api.github.com/repos/bob/agilezen/milestones{/number}","notifications_url":"https://api.github.com/repos/bob/agilezen/notifications{?since,all,participating}","labels_url":"https://api.github.com/repos/bob/agilezen/labels{/name}","releases_url":"https://api.github.com/repos/bob/agilezen/releases{/id}","created_at":"2012-08-22T17:37:03Z","updated_at":"2013-01-11T22:04:14Z","pushed_at":"2012-08-26T20:54:42Z","git_url":"git://github.com/bob/agilezen.git","ssh_url":"git@github.com:bob/agilezen.git","clone_url":"https://github.com/bob/agilezen.git","svn_url":"https://github.com/bob/agilezen","homepage":"http://raid5.github.com/agilezen","size":184,"stargazers_count":0,"watchers_count":0,"language":"Ruby","has_issues":false,"has_downloads":true,"has_wiki":true,"forks_count":0,"mirror_url":null,"open_issues_count":0,"forks":0,"open_issues":0,"watchers":0,"default_branch":"master","permissions":{"admin":false,"push":false,"pull":true}},{"id":11559622,"name":"donatecn","full_name":"bob/donatecn","owner":{"login":"bob","id":1436,"avatar_url":"https://avatars.githubusercontent.com/u/1436?","gravatar_id":"807d248f338fe12e100c6dc5c919a50d","url":"https://api.github.com/users/bob","html_url":"https://github.com/bob","followers_url":"https://api.github.com/users/bob/followers","following_url":"https://api.github.com/users/bob/following{/other_user}","gists_url":"https://api.github.com/users/bob/gists{/gist_id}","starred_url":"https://api.github.com/users/bob/starred{/owner}{/repo}","subscriptions_url":"https://api.github.com/users/bob/subscriptions","organizations_url":"https://api.github.com/users/bob/orgs","repos_url":"https://api.github.com/users/bob/repos","events_url":"https://api.github.com/users/bob/events{/privacy}","received_events_url":"https://api.github.com/users/bob/received_events","type":"User","site_admin":false},"private":false,"html_url":"https://github.com/bob/donatecn","description":"demo
        for activemerchant_patch_for_china","fork":true,"url":"https://api.github.com/repos/bob/donatecn","forks_url":"https://api.github.com/repos/bob/donatecn/forks","keys_url":"https://api.github.com/repos/bob/donatecn/keys{/key_id}","collaborators_url":"https://api.github.com/repos/bob/donatecn/collaborators{/collaborator}","teams_url":"https://api.github.com/repos/bob/donatecn/teams","hooks_url":"https://api.github.com/repos/bob/donatecn/hooks","issue_events_url":"https://api.github.com/repos/bob/donatecn/issues/events{/number}","events_url":"https://api.github.com/repos/bob/donatecn/events","assignees_url":"https://api.github.com/repos/bob/donatecn/assignees{/user}","branches_url":"https://api.github.com/repos/bob/donatecn/branches{/branch}","tags_url":"https://api.github.com/repos/bob/donatecn/tags","blobs_url":"https://api.github.com/repos/bob/donatecn/git/blobs{/sha}","git_tags_url":"https://api.github.com/repos/bob/donatecn/git/tags{/sha}","git_refs_url":"https://api.github.com/repos/bob/donatecn/git/refs{/sha}","trees_url":"https://api.github.com/repos/bob/donatecn/git/trees{/sha}","statuses_url":"https://api.github.com/repos/bob/donatecn/statuses/{sha}","languages_url":"https://api.github.com/repos/bob/donatecn/languages","stargazers_url":"https://api.github.com/repos/bob/donatecn/stargazers","contributors_url":"https://api.github.com/repos/bob/donatecn/contributors","subscribers_url":"https://api.github.com/repos/bob/donatecn/subscribers","subscription_url":"https://api.github.com/repos/bob/donatecn/subscription","commits_url":"https://api.github.com/repos/bob/donatecn/commits{/sha}","git_commits_url":"https://api.github.com/repos/bob/donatecn/git/commits{/sha}","comments_url":"https://api.github.com/repos/bob/donatecn/comments{/number}","issue_comment_url":"https://api.github.com/repos/bob/donatecn/issues/comments/{number}","contents_url":"https://api.github.com/repos/bob/donatecn/contents/{+path}","compare_url":"https://api.github.com/repos/bob/donatecn/compare/{base}...{head}","merges_url":"https://api.github.com/repos/bob/donatecn/merges","archive_url":"https://api.github.com/repos/bob/donatecn/{archive_format}{/ref}","downloads_url":"https://api.github.com/repos/bob/donatecn/downloads","issues_url":"https://api.github.com/repos/bob/donatecn/issues{/number}","pulls_url":"https://api.github.com/repos/bob/donatecn/pulls{/number}","milestones_url":"https://api.github.com/repos/bob/donatecn/milestones{/number}","notifications_url":"https://api.github.com/repos/bob/donatecn/notifications{?since,all,participating}","labels_url":"https://api.github.com/repos/bob/donatecn/labels{/name}","releases_url":"https://api.github.com/repos/bob/donatecn/releases{/id}","created_at":"2013-07-21T09:22:16Z","updated_at":"2013-07-21T09:22:16Z","pushed_at":"2012-08-04T14:35:05Z","git_url":"git://github.com/bob/donatecn.git","ssh_url":"git@github.com:bob/donatecn.git","clone_url":"https://github.com/bob/donatecn.git","svn_url":"https://github.com/bob/donatecn","homepage":"http://donate.huangzhimin.com","size":181,"stargazers_count":0,"watchers_count":0,"language":"Ruby","has_issues":false,"has_downloads":true,"has_wiki":true,"forks_count":0,"mirror_url":null,"open_issues_count":0,"forks":0,"open_issues":0,"watchers":0,"default_branch":"master","permissions":{"admin":false,"push":false,"pull":true}},{"id":305397,"name":"eventify","full_name":"bob/eventify","owner":{"login":"bob","id":1436,"avatar_url":"https://avatars.githubusercontent.com/u/1436?","gravatar_id":"807d248f338fe12e100c6dc5c919a50d","url":"https://api.github.com/users/bob","html_url":"https://github.com/bob","followers_url":"https://api.github.com/users/bob/followers","following_url":"https://api.github.com/users/bob/following{/other_user}","gists_url":"https://api.github.com/users/bob/gists{/gist_id}","starred_url":"https://api.github.com/users/bob/starred{/owner}{/repo}","subscriptions_url":"https://api.github.com/users/bob/subscriptions","organizations_url":"https://api.github.com/users/bob/orgs","repos_url":"https://api.github.com/users/bob/repos","events_url":"https://api.github.com/users/bob/events{/privacy}","received_events_url":"https://api.github.com/users/bob/received_events","type":"User","site_admin":false},"private":false,"html_url":"https://github.com/bob/eventify","description":"SImple
        events manager","fork":false,"url":"https://api.github.com/repos/bob/eventify","forks_url":"https://api.github.com/repos/bob/eventify/forks","keys_url":"https://api.github.com/repos/bob/eventify/keys{/key_id}","collaborators_url":"https://api.github.com/repos/bob/eventify/collaborators{/collaborator}","teams_url":"https://api.github.com/repos/bob/eventify/teams","hooks_url":"https://api.github.com/repos/bob/eventify/hooks","issue_events_url":"https://api.github.com/repos/bob/eventify/issues/events{/number}","events_url":"https://api.github.com/repos/bob/eventify/events","assignees_url":"https://api.github.com/repos/bob/eventify/assignees{/user}","branches_url":"https://api.github.com/repos/bob/eventify/branches{/branch}","tags_url":"https://api.github.com/repos/bob/eventify/tags","blobs_url":"https://api.github.com/repos/bob/eventify/git/blobs{/sha}","git_tags_url":"https://api.github.com/repos/bob/eventify/git/tags{/sha}","git_refs_url":"https://api.github.com/repos/bob/eventify/git/refs{/sha}","trees_url":"https://api.github.com/repos/bob/eventify/git/trees{/sha}","statuses_url":"https://api.github.com/repos/bob/eventify/statuses/{sha}","languages_url":"https://api.github.com/repos/bob/eventify/languages","stargazers_url":"https://api.github.com/repos/bob/eventify/stargazers","contributors_url":"https://api.github.com/repos/bob/eventify/contributors","subscribers_url":"https://api.github.com/repos/bob/eventify/subscribers","subscription_url":"https://api.github.com/repos/bob/eventify/subscription","commits_url":"https://api.github.com/repos/bob/eventify/commits{/sha}","git_commits_url":"https://api.github.com/repos/bob/eventify/git/commits{/sha}","comments_url":"https://api.github.com/repos/bob/eventify/comments{/number}","issue_comment_url":"https://api.github.com/repos/bob/eventify/issues/comments/{number}","contents_url":"https://api.github.com/repos/bob/eventify/contents/{+path}","compare_url":"https://api.github.com/repos/bob/eventify/compare/{base}...{head}","merges_url":"https://api.github.com/repos/bob/eventify/merges","archive_url":"https://api.github.com/repos/bob/eventify/{archive_format}{/ref}","downloads_url":"https://api.github.com/repos/bob/eventify/downloads","issues_url":"https://api.github.com/repos/bob/eventify/issues{/number}","pulls_url":"https://api.github.com/repos/bob/eventify/pulls{/number}","milestones_url":"https://api.github.com/repos/bob/eventify/milestones{/number}","notifications_url":"https://api.github.com/repos/bob/eventify/notifications{?since,all,participating}","labels_url":"https://api.github.com/repos/bob/eventify/labels{/name}","releases_url":"https://api.github.com/repos/bob/eventify/releases{/id}","created_at":"2009-09-12T23:57:48Z","updated_at":"2014-01-17T09:30:06Z","pushed_at":"2009-09-13T00:05:20Z","git_url":"git://github.com/bob/eventify.git","ssh_url":"git@github.com:bob/eventify.git","clone_url":"https://github.com/bob/eventify.git","svn_url":"https://github.com/bob/eventify","homepage":"","size":88,"stargazers_count":1,"watchers_count":1,"language":"Ruby","has_issues":true,"has_downloads":true,"has_wiki":true,"forks_count":0,"mirror_url":null,"open_issues_count":0,"forks":0,"open_issues":0,"watchers":1,"default_branch":"master","permissions":{"admin":false,"push":false,"pull":true}},{"id":15995461,"name":"mangajo","full_name":"bob/mangajo","owner":{"login":"bob","id":1436,"avatar_url":"https://avatars.githubusercontent.com/u/1436?","gravatar_id":"807d248f338fe12e100c6dc5c919a50d","url":"https://api.github.com/users/bob","html_url":"https://github.com/bob","followers_url":"https://api.github.com/users/bob/followers","following_url":"https://api.github.com/users/bob/following{/other_user}","gists_url":"https://api.github.com/users/bob/gists{/gist_id}","starred_url":"https://api.github.com/users/bob/starred{/owner}{/repo}","subscriptions_url":"https://api.github.com/users/bob/subscriptions","organizations_url":"https://api.github.com/users/bob/orgs","repos_url":"https://api.github.com/users/bob/repos","events_url":"https://api.github.com/users/bob/events{/privacy}","received_events_url":"https://api.github.com/users/bob/received_events","type":"User","site_admin":false},"private":false,"html_url":"https://github.com/bob/mangajo","description":"","fork":false,"url":"https://api.github.com/repos/bob/mangajo","forks_url":"https://api.github.com/repos/bob/mangajo/forks","keys_url":"https://api.github.com/repos/bob/mangajo/keys{/key_id}","collaborators_url":"https://api.github.com/repos/bob/mangajo/collaborators{/collaborator}","teams_url":"https://api.github.com/repos/bob/mangajo/teams","hooks_url":"https://api.github.com/repos/bob/mangajo/hooks","issue_events_url":"https://api.github.com/repos/bob/mangajo/issues/events{/number}","events_url":"https://api.github.com/repos/bob/mangajo/events","assignees_url":"https://api.github.com/repos/bob/mangajo/assignees{/user}","branches_url":"https://api.github.com/repos/bob/mangajo/branches{/branch}","tags_url":"https://api.github.com/repos/bob/mangajo/tags","blobs_url":"https://api.github.com/repos/bob/mangajo/git/blobs{/sha}","git_tags_url":"https://api.github.com/repos/bob/mangajo/git/tags{/sha}","git_refs_url":"https://api.github.com/repos/bob/mangajo/git/refs{/sha}","trees_url":"https://api.github.com/repos/bob/mangajo/git/trees{/sha}","statuses_url":"https://api.github.com/repos/bob/mangajo/statuses/{sha}","languages_url":"https://api.github.com/repos/bob/mangajo/languages","stargazers_url":"https://api.github.com/repos/bob/mangajo/stargazers","contributors_url":"https://api.github.com/repos/bob/mangajo/contributors","subscribers_url":"https://api.github.com/repos/bob/mangajo/subscribers","subscription_url":"https://api.github.com/repos/bob/mangajo/subscription","commits_url":"https://api.github.com/repos/bob/mangajo/commits{/sha}","git_commits_url":"https://api.github.com/repos/bob/mangajo/git/commits{/sha}","comments_url":"https://api.github.com/repos/bob/mangajo/comments{/number}","issue_comment_url":"https://api.github.com/repos/bob/mangajo/issues/comments/{number}","contents_url":"https://api.github.com/repos/bob/mangajo/contents/{+path}","compare_url":"https://api.github.com/repos/bob/mangajo/compare/{base}...{head}","merges_url":"https://api.github.com/repos/bob/mangajo/merges","archive_url":"https://api.github.com/repos/bob/mangajo/{archive_format}{/ref}","downloads_url":"https://api.github.com/repos/bob/mangajo/downloads","issues_url":"https://api.github.com/repos/bob/mangajo/issues{/number}","pulls_url":"https://api.github.com/repos/bob/mangajo/pulls{/number}","milestones_url":"https://api.github.com/repos/bob/mangajo/milestones{/number}","notifications_url":"https://api.github.com/repos/bob/mangajo/notifications{?since,all,participating}","labels_url":"https://api.github.com/repos/bob/mangajo/labels{/name}","releases_url":"https://api.github.com/repos/bob/mangajo/releases{/id}","created_at":"2014-01-17T09:32:04Z","updated_at":"2014-04-28T19:09:55Z","pushed_at":"2014-04-28T19:09:54Z","git_url":"git://github.com/bob/mangajo.git","ssh_url":"git@github.com:bob/mangajo.git","clone_url":"https://github.com/bob/mangajo.git","svn_url":"https://github.com/bob/mangajo","homepage":null,"size":492,"stargazers_count":0,"watchers_count":0,"language":"Ruby","has_issues":true,"has_downloads":true,"has_wiki":true,"forks_count":0,"mirror_url":null,"open_issues_count":0,"forks":0,"open_issues":0,"watchers":0,"default_branch":"master","permissions":{"admin":false,"push":false,"pull":true}},{"id":1487811,"name":"Messager","full_name":"bob/Messager","owner":{"login":"bob","id":1436,"avatar_url":"https://avatars.githubusercontent.com/u/1436?","gravatar_id":"807d248f338fe12e100c6dc5c919a50d","url":"https://api.github.com/users/bob","html_url":"https://github.com/bob","followers_url":"https://api.github.com/users/bob/followers","following_url":"https://api.github.com/users/bob/following{/other_user}","gists_url":"https://api.github.com/users/bob/gists{/gist_id}","starred_url":"https://api.github.com/users/bob/starred{/owner}{/repo}","subscriptions_url":"https://api.github.com/users/bob/subscriptions","organizations_url":"https://api.github.com/users/bob/orgs","repos_url":"https://api.github.com/users/bob/repos","events_url":"https://api.github.com/users/bob/events{/privacy}","received_events_url":"https://api.github.com/users/bob/received_events","type":"User","site_admin":false},"private":false,"html_url":"https://github.com/bob/Messager","description":"","fork":false,"url":"https://api.github.com/repos/bob/Messager","forks_url":"https://api.github.com/repos/bob/Messager/forks","keys_url":"https://api.github.com/repos/bob/Messager/keys{/key_id}","collaborators_url":"https://api.github.com/repos/bob/Messager/collaborators{/collaborator}","teams_url":"https://api.github.com/repos/bob/Messager/teams","hooks_url":"https://api.github.com/repos/bob/Messager/hooks","issue_events_url":"https://api.github.com/repos/bob/Messager/issues/events{/number}","events_url":"https://api.github.com/repos/bob/Messager/events","assignees_url":"https://api.github.com/repos/bob/Messager/assignees{/user}","branches_url":"https://api.github.com/repos/bob/Messager/branches{/branch}","tags_url":"https://api.github.com/repos/bob/Messager/tags","blobs_url":"https://api.github.com/repos/bob/Messager/git/blobs{/sha}","git_tags_url":"https://api.github.com/repos/bob/Messager/git/tags{/sha}","git_refs_url":"https://api.github.com/repos/bob/Messager/git/refs{/sha}","trees_url":"https://api.github.com/repos/bob/Messager/git/trees{/sha}","statuses_url":"https://api.github.com/repos/bob/Messager/statuses/{sha}","languages_url":"https://api.github.com/repos/bob/Messager/languages","stargazers_url":"https://api.github.com/repos/bob/Messager/stargazers","contributors_url":"https://api.github.com/repos/bob/Messager/contributors","subscribers_url":"https://api.github.com/repos/bob/Messager/subscribers","subscription_url":"https://api.github.com/repos/bob/Messager/subscription","commits_url":"https://api.github.com/repos/bob/Messager/commits{/sha}","git_commits_url":"https://api.github.com/repos/bob/Messager/git/commits{/sha}","comments_url":"https://api.github.com/repos/bob/Messager/comments{/number}","issue_comment_url":"https://api.github.com/repos/bob/Messager/issues/comments/{number}","contents_url":"https://api.github.com/repos/bob/Messager/contents/{+path}","compare_url":"https://api.github.com/repos/bob/Messager/compare/{base}...{head}","merges_url":"https://api.github.com/repos/bob/Messager/merges","archive_url":"https://api.github.com/repos/bob/Messager/{archive_format}{/ref}","downloads_url":"https://api.github.com/repos/bob/Messager/downloads","issues_url":"https://api.github.com/repos/bob/Messager/issues{/number}","pulls_url":"https://api.github.com/repos/bob/Messager/pulls{/number}","milestones_url":"https://api.github.com/repos/bob/Messager/milestones{/number}","notifications_url":"https://api.github.com/repos/bob/Messager/notifications{?since,all,participating}","labels_url":"https://api.github.com/repos/bob/Messager/labels{/name}","releases_url":"https://api.github.com/repos/bob/Messager/releases{/id}","created_at":"2011-03-16T16:06:04Z","updated_at":"2014-02-19T03:08:35Z","pushed_at":"2011-04-18T12:10:54Z","git_url":"git://github.com/bob/Messager.git","ssh_url":"git@github.com:bob/Messager.git","clone_url":"https://github.com/bob/Messager.git","svn_url":"https://github.com/bob/Messager","homepage":"","size":532,"stargazers_count":0,"watchers_count":0,"language":"Ruby","has_issues":true,"has_downloads":true,"has_wiki":true,"forks_count":0,"mirror_url":null,"open_issues_count":0,"forks":0,"open_issues":0,"watchers":0,"default_branch":"master","permissions":{"admin":false,"push":false,"pull":true}},{"id":3787363,"name":"rails_sql_views","full_name":"bob/rails_sql_views","owner":{"login":"bob","id":1436,"avatar_url":"https://avatars.githubusercontent.com/u/1436?","gravatar_id":"807d248f338fe12e100c6dc5c919a50d","url":"https://api.github.com/users/bob","html_url":"https://github.com/bob","followers_url":"https://api.github.com/users/bob/followers","following_url":"https://api.github.com/users/bob/following{/other_user}","gists_url":"https://api.github.com/users/bob/gists{/gist_id}","starred_url":"https://api.github.com/users/bob/starred{/owner}{/repo}","subscriptions_url":"https://api.github.com/users/bob/subscriptions","organizations_url":"https://api.github.com/users/bob/orgs","repos_url":"https://api.github.com/users/bob/repos","events_url":"https://api.github.com/users/bob/events{/privacy}","received_events_url":"https://api.github.com/users/bob/received_events","type":"User","site_admin":false},"private":false,"html_url":"https://github.com/bob/rails_sql_views","description":"Rails
        SQL Views project extracted from ActiveWarehouse","fork":true,"url":"https://api.github.com/repos/bob/rails_sql_views","forks_url":"https://api.github.com/repos/bob/rails_sql_views/forks","keys_url":"https://api.github.com/repos/bob/rails_sql_views/keys{/key_id}","collaborators_url":"https://api.github.com/repos/bob/rails_sql_views/collaborators{/collaborator}","teams_url":"https://api.github.com/repos/bob/rails_sql_views/teams","hooks_url":"https://api.github.com/repos/bob/rails_sql_views/hooks","issue_events_url":"https://api.github.com/repos/bob/rails_sql_views/issues/events{/number}","events_url":"https://api.github.com/repos/bob/rails_sql_views/events","assignees_url":"https://api.github.com/repos/bob/rails_sql_views/assignees{/user}","branches_url":"https://api.github.com/repos/bob/rails_sql_views/branches{/branch}","tags_url":"https://api.github.com/repos/bob/rails_sql_views/tags","blobs_url":"https://api.github.com/repos/bob/rails_sql_views/git/blobs{/sha}","git_tags_url":"https://api.github.com/repos/bob/rails_sql_views/git/tags{/sha}","git_refs_url":"https://api.github.com/repos/bob/rails_sql_views/git/refs{/sha}","trees_url":"https://api.github.com/repos/bob/rails_sql_views/git/trees{/sha}","statuses_url":"https://api.github.com/repos/bob/rails_sql_views/statuses/{sha}","languages_url":"https://api.github.com/repos/bob/rails_sql_views/languages","stargazers_url":"https://api.github.com/repos/bob/rails_sql_views/stargazers","contributors_url":"https://api.github.com/repos/bob/rails_sql_views/contributors","subscribers_url":"https://api.github.com/repos/bob/rails_sql_views/subscribers","subscription_url":"https://api.github.com/repos/bob/rails_sql_views/subscription","commits_url":"https://api.github.com/repos/bob/rails_sql_views/commits{/sha}","git_commits_url":"https://api.github.com/repos/bob/rails_sql_views/git/commits{/sha}","comments_url":"https://api.github.com/repos/bob/rails_sql_views/comments{/number}","issue_comment_url":"https://api.github.com/repos/bob/rails_sql_views/issues/comments/{number}","contents_url":"https://api.github.com/repos/bob/rails_sql_views/contents/{+path}","compare_url":"https://api.github.com/repos/bob/rails_sql_views/compare/{base}...{head}","merges_url":"https://api.github.com/repos/bob/rails_sql_views/merges","archive_url":"https://api.github.com/repos/bob/rails_sql_views/{archive_format}{/ref}","downloads_url":"https://api.github.com/repos/bob/rails_sql_views/downloads","issues_url":"https://api.github.com/repos/bob/rails_sql_views/issues{/number}","pulls_url":"https://api.github.com/repos/bob/rails_sql_views/pulls{/number}","milestones_url":"https://api.github.com/repos/bob/rails_sql_views/milestones{/number}","notifications_url":"https://api.github.com/repos/bob/rails_sql_views/notifications{?since,all,participating}","labels_url":"https://api.github.com/repos/bob/rails_sql_views/labels{/name}","releases_url":"https://api.github.com/repos/bob/rails_sql_views/releases{/id}","created_at":"2012-03-21T14:30:52Z","updated_at":"2014-01-17T09:30:27Z","pushed_at":"2012-03-21T14:33:01Z","git_url":"git://github.com/bob/rails_sql_views.git","ssh_url":"git@github.com:bob/rails_sql_views.git","clone_url":"https://github.com/bob/rails_sql_views.git","svn_url":"https://github.com/bob/rails_sql_views","homepage":"http://activewarehouse.rubyforge.org/rails_sql_views","size":169,"stargazers_count":0,"watchers_count":0,"language":"Ruby","has_issues":false,"has_downloads":true,"has_wiki":true,"forks_count":1,"mirror_url":null,"open_issues_count":0,"forks":1,"open_issues":0,"watchers":0,"default_branch":"master","permissions":{"admin":false,"push":false,"pull":true}}]'
    http_version: 
  recorded_at: Fri, 01 Mar 2013 06:00:04 GMT
- request:
    method: get
    uri: https://api.github.com/users/bob/repos
    body:
      encoding: US-ASCII
      string: ''
    headers:
      Accept:
      - application/vnd.github.v3+json
      User-Agent:
      - Octokit Ruby Gem 3.1.0
      Authorization:
      - token d141ef15f79ca4c6f43a8c688e0434648f277f20
      Accept-Encoding:
      - gzip;q=1.0,deflate;q=0.6,identity;q=0.3
  response:
    status:
      code: 200
      message: OK
    headers:
      Server:
      - GitHub.com
      Date:
      - Tue, 03 Jun 2014 18:51:54 GMT
      Content-Type:
      - application/json; charset=utf-8
      Transfer-Encoding:
      - chunked
      Status:
      - 200 OK
      X-Ratelimit-Limit:
      - '5000'
      X-Ratelimit-Remaining:
      - '4834'
      X-Ratelimit-Reset:
      - '1401823096'
      Cache-Control:
      - private, max-age=60, s-maxage=60
      Etag:
      - '"f7dd589fb1d29652d4b5ac2b236277ca"'
      X-Oauth-Scopes:
      - public_repo, user
      X-Accepted-Oauth-Scopes:
      - ''
      Vary:
      - Accept, Authorization, Cookie, X-GitHub-OTP
      - Accept-Encoding
      X-Github-Media-Type:
      - github.v3; format=json
      X-Xss-Protection:
      - 1; mode=block
      X-Frame-Options:
      - deny
      Content-Security-Policy:
      - default-src 'none'
      Access-Control-Allow-Credentials:
      - 'true'
      Access-Control-Expose-Headers:
      - ETag, Link, X-GitHub-OTP, X-RateLimit-Limit, X-RateLimit-Remaining, X-RateLimit-Reset,
        X-OAuth-Scopes, X-Accepted-OAuth-Scopes, X-Poll-Interval
      Access-Control-Allow-Origin:
      - "*"
      X-Github-Request-Id:
      - 44358582:089F:161B8EB8:538E194A
      Strict-Transport-Security:
      - max-age=31536000
      X-Content-Type-Options:
      - nosniff
      X-Served-By:
      - 132026e9262a0093e437f99db5f1e499
    body:
      encoding: UTF-8
      string: '[{"id":5512967,"name":"agilezen","full_name":"bob/agilezen","owner":{"login":"bob","id":1436,"avatar_url":"https://avatars.githubusercontent.com/u/1436?","gravatar_id":"807d248f338fe12e100c6dc5c919a50d","url":"https://api.github.com/users/bob","html_url":"https://github.com/bob","followers_url":"https://api.github.com/users/bob/followers","following_url":"https://api.github.com/users/bob/following{/other_user}","gists_url":"https://api.github.com/users/bob/gists{/gist_id}","starred_url":"https://api.github.com/users/bob/starred{/owner}{/repo}","subscriptions_url":"https://api.github.com/users/bob/subscriptions","organizations_url":"https://api.github.com/users/bob/orgs","repos_url":"https://api.github.com/users/bob/repos","events_url":"https://api.github.com/users/bob/events{/privacy}","received_events_url":"https://api.github.com/users/bob/received_events","type":"User","site_admin":false},"private":false,"html_url":"https://github.com/bob/agilezen","description":"A
        Ruby wrapper for the AgileZen API (v1.0)","fork":true,"url":"https://api.github.com/repos/bob/agilezen","forks_url":"https://api.github.com/repos/bob/agilezen/forks","keys_url":"https://api.github.com/repos/bob/agilezen/keys{/key_id}","collaborators_url":"https://api.github.com/repos/bob/agilezen/collaborators{/collaborator}","teams_url":"https://api.github.com/repos/bob/agilezen/teams","hooks_url":"https://api.github.com/repos/bob/agilezen/hooks","issue_events_url":"https://api.github.com/repos/bob/agilezen/issues/events{/number}","events_url":"https://api.github.com/repos/bob/agilezen/events","assignees_url":"https://api.github.com/repos/bob/agilezen/assignees{/user}","branches_url":"https://api.github.com/repos/bob/agilezen/branches{/branch}","tags_url":"https://api.github.com/repos/bob/agilezen/tags","blobs_url":"https://api.github.com/repos/bob/agilezen/git/blobs{/sha}","git_tags_url":"https://api.github.com/repos/bob/agilezen/git/tags{/sha}","git_refs_url":"https://api.github.com/repos/bob/agilezen/git/refs{/sha}","trees_url":"https://api.github.com/repos/bob/agilezen/git/trees{/sha}","statuses_url":"https://api.github.com/repos/bob/agilezen/statuses/{sha}","languages_url":"https://api.github.com/repos/bob/agilezen/languages","stargazers_url":"https://api.github.com/repos/bob/agilezen/stargazers","contributors_url":"https://api.github.com/repos/bob/agilezen/contributors","subscribers_url":"https://api.github.com/repos/bob/agilezen/subscribers","subscription_url":"https://api.github.com/repos/bob/agilezen/subscription","commits_url":"https://api.github.com/repos/bob/agilezen/commits{/sha}","git_commits_url":"https://api.github.com/repos/bob/agilezen/git/commits{/sha}","comments_url":"https://api.github.com/repos/bob/agilezen/comments{/number}","issue_comment_url":"https://api.github.com/repos/bob/agilezen/issues/comments/{number}","contents_url":"https://api.github.com/repos/bob/agilezen/contents/{+path}","compare_url":"https://api.github.com/repos/bob/agilezen/compare/{base}...{head}","merges_url":"https://api.github.com/repos/bob/agilezen/merges","archive_url":"https://api.github.com/repos/bob/agilezen/{archive_format}{/ref}","downloads_url":"https://api.github.com/repos/bob/agilezen/downloads","issues_url":"https://api.github.com/repos/bob/agilezen/issues{/number}","pulls_url":"https://api.github.com/repos/bob/agilezen/pulls{/number}","milestones_url":"https://api.github.com/repos/bob/agilezen/milestones{/number}","notifications_url":"https://api.github.com/repos/bob/agilezen/notifications{?since,all,participating}","labels_url":"https://api.github.com/repos/bob/agilezen/labels{/name}","releases_url":"https://api.github.com/repos/bob/agilezen/releases{/id}","created_at":"2012-08-22T17:37:03Z","updated_at":"2013-01-11T22:04:14Z","pushed_at":"2012-08-26T20:54:42Z","git_url":"git://github.com/bob/agilezen.git","ssh_url":"git@github.com:bob/agilezen.git","clone_url":"https://github.com/bob/agilezen.git","svn_url":"https://github.com/bob/agilezen","homepage":"http://raid5.github.com/agilezen","size":184,"stargazers_count":0,"watchers_count":0,"language":"Ruby","has_issues":false,"has_downloads":true,"has_wiki":true,"forks_count":0,"mirror_url":null,"open_issues_count":0,"forks":0,"open_issues":0,"watchers":0,"default_branch":"master","permissions":{"admin":false,"push":false,"pull":true}},{"id":11559622,"name":"donatecn","full_name":"bob/donatecn","owner":{"login":"bob","id":1436,"avatar_url":"https://avatars.githubusercontent.com/u/1436?","gravatar_id":"807d248f338fe12e100c6dc5c919a50d","url":"https://api.github.com/users/bob","html_url":"https://github.com/bob","followers_url":"https://api.github.com/users/bob/followers","following_url":"https://api.github.com/users/bob/following{/other_user}","gists_url":"https://api.github.com/users/bob/gists{/gist_id}","starred_url":"https://api.github.com/users/bob/starred{/owner}{/repo}","subscriptions_url":"https://api.github.com/users/bob/subscriptions","organizations_url":"https://api.github.com/users/bob/orgs","repos_url":"https://api.github.com/users/bob/repos","events_url":"https://api.github.com/users/bob/events{/privacy}","received_events_url":"https://api.github.com/users/bob/received_events","type":"User","site_admin":false},"private":false,"html_url":"https://github.com/bob/donatecn","description":"demo
        for activemerchant_patch_for_china","fork":true,"url":"https://api.github.com/repos/bob/donatecn","forks_url":"https://api.github.com/repos/bob/donatecn/forks","keys_url":"https://api.github.com/repos/bob/donatecn/keys{/key_id}","collaborators_url":"https://api.github.com/repos/bob/donatecn/collaborators{/collaborator}","teams_url":"https://api.github.com/repos/bob/donatecn/teams","hooks_url":"https://api.github.com/repos/bob/donatecn/hooks","issue_events_url":"https://api.github.com/repos/bob/donatecn/issues/events{/number}","events_url":"https://api.github.com/repos/bob/donatecn/events","assignees_url":"https://api.github.com/repos/bob/donatecn/assignees{/user}","branches_url":"https://api.github.com/repos/bob/donatecn/branches{/branch}","tags_url":"https://api.github.com/repos/bob/donatecn/tags","blobs_url":"https://api.github.com/repos/bob/donatecn/git/blobs{/sha}","git_tags_url":"https://api.github.com/repos/bob/donatecn/git/tags{/sha}","git_refs_url":"https://api.github.com/repos/bob/donatecn/git/refs{/sha}","trees_url":"https://api.github.com/repos/bob/donatecn/git/trees{/sha}","statuses_url":"https://api.github.com/repos/bob/donatecn/statuses/{sha}","languages_url":"https://api.github.com/repos/bob/donatecn/languages","stargazers_url":"https://api.github.com/repos/bob/donatecn/stargazers","contributors_url":"https://api.github.com/repos/bob/donatecn/contributors","subscribers_url":"https://api.github.com/repos/bob/donatecn/subscribers","subscription_url":"https://api.github.com/repos/bob/donatecn/subscription","commits_url":"https://api.github.com/repos/bob/donatecn/commits{/sha}","git_commits_url":"https://api.github.com/repos/bob/donatecn/git/commits{/sha}","comments_url":"https://api.github.com/repos/bob/donatecn/comments{/number}","issue_comment_url":"https://api.github.com/repos/bob/donatecn/issues/comments/{number}","contents_url":"https://api.github.com/repos/bob/donatecn/contents/{+path}","compare_url":"https://api.github.com/repos/bob/donatecn/compare/{base}...{head}","merges_url":"https://api.github.com/repos/bob/donatecn/merges","archive_url":"https://api.github.com/repos/bob/donatecn/{archive_format}{/ref}","downloads_url":"https://api.github.com/repos/bob/donatecn/downloads","issues_url":"https://api.github.com/repos/bob/donatecn/issues{/number}","pulls_url":"https://api.github.com/repos/bob/donatecn/pulls{/number}","milestones_url":"https://api.github.com/repos/bob/donatecn/milestones{/number}","notifications_url":"https://api.github.com/repos/bob/donatecn/notifications{?since,all,participating}","labels_url":"https://api.github.com/repos/bob/donatecn/labels{/name}","releases_url":"https://api.github.com/repos/bob/donatecn/releases{/id}","created_at":"2013-07-21T09:22:16Z","updated_at":"2013-07-21T09:22:16Z","pushed_at":"2012-08-04T14:35:05Z","git_url":"git://github.com/bob/donatecn.git","ssh_url":"git@github.com:bob/donatecn.git","clone_url":"https://github.com/bob/donatecn.git","svn_url":"https://github.com/bob/donatecn","homepage":"http://donate.huangzhimin.com","size":181,"stargazers_count":0,"watchers_count":0,"language":"Ruby","has_issues":false,"has_downloads":true,"has_wiki":true,"forks_count":0,"mirror_url":null,"open_issues_count":0,"forks":0,"open_issues":0,"watchers":0,"default_branch":"master","permissions":{"admin":false,"push":false,"pull":true}},{"id":305397,"name":"eventify","full_name":"bob/eventify","owner":{"login":"bob","id":1436,"avatar_url":"https://avatars.githubusercontent.com/u/1436?","gravatar_id":"807d248f338fe12e100c6dc5c919a50d","url":"https://api.github.com/users/bob","html_url":"https://github.com/bob","followers_url":"https://api.github.com/users/bob/followers","following_url":"https://api.github.com/users/bob/following{/other_user}","gists_url":"https://api.github.com/users/bob/gists{/gist_id}","starred_url":"https://api.github.com/users/bob/starred{/owner}{/repo}","subscriptions_url":"https://api.github.com/users/bob/subscriptions","organizations_url":"https://api.github.com/users/bob/orgs","repos_url":"https://api.github.com/users/bob/repos","events_url":"https://api.github.com/users/bob/events{/privacy}","received_events_url":"https://api.github.com/users/bob/received_events","type":"User","site_admin":false},"private":false,"html_url":"https://github.com/bob/eventify","description":"SImple
        events manager","fork":false,"url":"https://api.github.com/repos/bob/eventify","forks_url":"https://api.github.com/repos/bob/eventify/forks","keys_url":"https://api.github.com/repos/bob/eventify/keys{/key_id}","collaborators_url":"https://api.github.com/repos/bob/eventify/collaborators{/collaborator}","teams_url":"https://api.github.com/repos/bob/eventify/teams","hooks_url":"https://api.github.com/repos/bob/eventify/hooks","issue_events_url":"https://api.github.com/repos/bob/eventify/issues/events{/number}","events_url":"https://api.github.com/repos/bob/eventify/events","assignees_url":"https://api.github.com/repos/bob/eventify/assignees{/user}","branches_url":"https://api.github.com/repos/bob/eventify/branches{/branch}","tags_url":"https://api.github.com/repos/bob/eventify/tags","blobs_url":"https://api.github.com/repos/bob/eventify/git/blobs{/sha}","git_tags_url":"https://api.github.com/repos/bob/eventify/git/tags{/sha}","git_refs_url":"https://api.github.com/repos/bob/eventify/git/refs{/sha}","trees_url":"https://api.github.com/repos/bob/eventify/git/trees{/sha}","statuses_url":"https://api.github.com/repos/bob/eventify/statuses/{sha}","languages_url":"https://api.github.com/repos/bob/eventify/languages","stargazers_url":"https://api.github.com/repos/bob/eventify/stargazers","contributors_url":"https://api.github.com/repos/bob/eventify/contributors","subscribers_url":"https://api.github.com/repos/bob/eventify/subscribers","subscription_url":"https://api.github.com/repos/bob/eventify/subscription","commits_url":"https://api.github.com/repos/bob/eventify/commits{/sha}","git_commits_url":"https://api.github.com/repos/bob/eventify/git/commits{/sha}","comments_url":"https://api.github.com/repos/bob/eventify/comments{/number}","issue_comment_url":"https://api.github.com/repos/bob/eventify/issues/comments/{number}","contents_url":"https://api.github.com/repos/bob/eventify/contents/{+path}","compare_url":"https://api.github.com/repos/bob/eventify/compare/{base}...{head}","merges_url":"https://api.github.com/repos/bob/eventify/merges","archive_url":"https://api.github.com/repos/bob/eventify/{archive_format}{/ref}","downloads_url":"https://api.github.com/repos/bob/eventify/downloads","issues_url":"https://api.github.com/repos/bob/eventify/issues{/number}","pulls_url":"https://api.github.com/repos/bob/eventify/pulls{/number}","milestones_url":"https://api.github.com/repos/bob/eventify/milestones{/number}","notifications_url":"https://api.github.com/repos/bob/eventify/notifications{?since,all,participating}","labels_url":"https://api.github.com/repos/bob/eventify/labels{/name}","releases_url":"https://api.github.com/repos/bob/eventify/releases{/id}","created_at":"2009-09-12T23:57:48Z","updated_at":"2014-01-17T09:30:06Z","pushed_at":"2009-09-13T00:05:20Z","git_url":"git://github.com/bob/eventify.git","ssh_url":"git@github.com:bob/eventify.git","clone_url":"https://github.com/bob/eventify.git","svn_url":"https://github.com/bob/eventify","homepage":"","size":88,"stargazers_count":1,"watchers_count":1,"language":"Ruby","has_issues":true,"has_downloads":true,"has_wiki":true,"forks_count":0,"mirror_url":null,"open_issues_count":0,"forks":0,"open_issues":0,"watchers":1,"default_branch":"master","permissions":{"admin":false,"push":false,"pull":true}},{"id":15995461,"name":"mangajo","full_name":"bob/mangajo","owner":{"login":"bob","id":1436,"avatar_url":"https://avatars.githubusercontent.com/u/1436?","gravatar_id":"807d248f338fe12e100c6dc5c919a50d","url":"https://api.github.com/users/bob","html_url":"https://github.com/bob","followers_url":"https://api.github.com/users/bob/followers","following_url":"https://api.github.com/users/bob/following{/other_user}","gists_url":"https://api.github.com/users/bob/gists{/gist_id}","starred_url":"https://api.github.com/users/bob/starred{/owner}{/repo}","subscriptions_url":"https://api.github.com/users/bob/subscriptions","organizations_url":"https://api.github.com/users/bob/orgs","repos_url":"https://api.github.com/users/bob/repos","events_url":"https://api.github.com/users/bob/events{/privacy}","received_events_url":"https://api.github.com/users/bob/received_events","type":"User","site_admin":false},"private":false,"html_url":"https://github.com/bob/mangajo","description":"","fork":false,"url":"https://api.github.com/repos/bob/mangajo","forks_url":"https://api.github.com/repos/bob/mangajo/forks","keys_url":"https://api.github.com/repos/bob/mangajo/keys{/key_id}","collaborators_url":"https://api.github.com/repos/bob/mangajo/collaborators{/collaborator}","teams_url":"https://api.github.com/repos/bob/mangajo/teams","hooks_url":"https://api.github.com/repos/bob/mangajo/hooks","issue_events_url":"https://api.github.com/repos/bob/mangajo/issues/events{/number}","events_url":"https://api.github.com/repos/bob/mangajo/events","assignees_url":"https://api.github.com/repos/bob/mangajo/assignees{/user}","branches_url":"https://api.github.com/repos/bob/mangajo/branches{/branch}","tags_url":"https://api.github.com/repos/bob/mangajo/tags","blobs_url":"https://api.github.com/repos/bob/mangajo/git/blobs{/sha}","git_tags_url":"https://api.github.com/repos/bob/mangajo/git/tags{/sha}","git_refs_url":"https://api.github.com/repos/bob/mangajo/git/refs{/sha}","trees_url":"https://api.github.com/repos/bob/mangajo/git/trees{/sha}","statuses_url":"https://api.github.com/repos/bob/mangajo/statuses/{sha}","languages_url":"https://api.github.com/repos/bob/mangajo/languages","stargazers_url":"https://api.github.com/repos/bob/mangajo/stargazers","contributors_url":"https://api.github.com/repos/bob/mangajo/contributors","subscribers_url":"https://api.github.com/repos/bob/mangajo/subscribers","subscription_url":"https://api.github.com/repos/bob/mangajo/subscription","commits_url":"https://api.github.com/repos/bob/mangajo/commits{/sha}","git_commits_url":"https://api.github.com/repos/bob/mangajo/git/commits{/sha}","comments_url":"https://api.github.com/repos/bob/mangajo/comments{/number}","issue_comment_url":"https://api.github.com/repos/bob/mangajo/issues/comments/{number}","contents_url":"https://api.github.com/repos/bob/mangajo/contents/{+path}","compare_url":"https://api.github.com/repos/bob/mangajo/compare/{base}...{head}","merges_url":"https://api.github.com/repos/bob/mangajo/merges","archive_url":"https://api.github.com/repos/bob/mangajo/{archive_format}{/ref}","downloads_url":"https://api.github.com/repos/bob/mangajo/downloads","issues_url":"https://api.github.com/repos/bob/mangajo/issues{/number}","pulls_url":"https://api.github.com/repos/bob/mangajo/pulls{/number}","milestones_url":"https://api.github.com/repos/bob/mangajo/milestones{/number}","notifications_url":"https://api.github.com/repos/bob/mangajo/notifications{?since,all,participating}","labels_url":"https://api.github.com/repos/bob/mangajo/labels{/name}","releases_url":"https://api.github.com/repos/bob/mangajo/releases{/id}","created_at":"2014-01-17T09:32:04Z","updated_at":"2014-04-28T19:09:55Z","pushed_at":"2014-04-28T19:09:54Z","git_url":"git://github.com/bob/mangajo.git","ssh_url":"git@github.com:bob/mangajo.git","clone_url":"https://github.com/bob/mangajo.git","svn_url":"https://github.com/bob/mangajo","homepage":null,"size":492,"stargazers_count":0,"watchers_count":0,"language":"Ruby","has_issues":true,"has_downloads":true,"has_wiki":true,"forks_count":0,"mirror_url":null,"open_issues_count":0,"forks":0,"open_issues":0,"watchers":0,"default_branch":"master","permissions":{"admin":false,"push":false,"pull":true}},{"id":1487811,"name":"Messager","full_name":"bob/Messager","owner":{"login":"bob","id":1436,"avatar_url":"https://avatars.githubusercontent.com/u/1436?","gravatar_id":"807d248f338fe12e100c6dc5c919a50d","url":"https://api.github.com/users/bob","html_url":"https://github.com/bob","followers_url":"https://api.github.com/users/bob/followers","following_url":"https://api.github.com/users/bob/following{/other_user}","gists_url":"https://api.github.com/users/bob/gists{/gist_id}","starred_url":"https://api.github.com/users/bob/starred{/owner}{/repo}","subscriptions_url":"https://api.github.com/users/bob/subscriptions","organizations_url":"https://api.github.com/users/bob/orgs","repos_url":"https://api.github.com/users/bob/repos","events_url":"https://api.github.com/users/bob/events{/privacy}","received_events_url":"https://api.github.com/users/bob/received_events","type":"User","site_admin":false},"private":false,"html_url":"https://github.com/bob/Messager","description":"","fork":false,"url":"https://api.github.com/repos/bob/Messager","forks_url":"https://api.github.com/repos/bob/Messager/forks","keys_url":"https://api.github.com/repos/bob/Messager/keys{/key_id}","collaborators_url":"https://api.github.com/repos/bob/Messager/collaborators{/collaborator}","teams_url":"https://api.github.com/repos/bob/Messager/teams","hooks_url":"https://api.github.com/repos/bob/Messager/hooks","issue_events_url":"https://api.github.com/repos/bob/Messager/issues/events{/number}","events_url":"https://api.github.com/repos/bob/Messager/events","assignees_url":"https://api.github.com/repos/bob/Messager/assignees{/user}","branches_url":"https://api.github.com/repos/bob/Messager/branches{/branch}","tags_url":"https://api.github.com/repos/bob/Messager/tags","blobs_url":"https://api.github.com/repos/bob/Messager/git/blobs{/sha}","git_tags_url":"https://api.github.com/repos/bob/Messager/git/tags{/sha}","git_refs_url":"https://api.github.com/repos/bob/Messager/git/refs{/sha}","trees_url":"https://api.github.com/repos/bob/Messager/git/trees{/sha}","statuses_url":"https://api.github.com/repos/bob/Messager/statuses/{sha}","languages_url":"https://api.github.com/repos/bob/Messager/languages","stargazers_url":"https://api.github.com/repos/bob/Messager/stargazers","contributors_url":"https://api.github.com/repos/bob/Messager/contributors","subscribers_url":"https://api.github.com/repos/bob/Messager/subscribers","subscription_url":"https://api.github.com/repos/bob/Messager/subscription","commits_url":"https://api.github.com/repos/bob/Messager/commits{/sha}","git_commits_url":"https://api.github.com/repos/bob/Messager/git/commits{/sha}","comments_url":"https://api.github.com/repos/bob/Messager/comments{/number}","issue_comment_url":"https://api.github.com/repos/bob/Messager/issues/comments/{number}","contents_url":"https://api.github.com/repos/bob/Messager/contents/{+path}","compare_url":"https://api.github.com/repos/bob/Messager/compare/{base}...{head}","merges_url":"https://api.github.com/repos/bob/Messager/merges","archive_url":"https://api.github.com/repos/bob/Messager/{archive_format}{/ref}","downloads_url":"https://api.github.com/repos/bob/Messager/downloads","issues_url":"https://api.github.com/repos/bob/Messager/issues{/number}","pulls_url":"https://api.github.com/repos/bob/Messager/pulls{/number}","milestones_url":"https://api.github.com/repos/bob/Messager/milestones{/number}","notifications_url":"https://api.github.com/repos/bob/Messager/notifications{?since,all,participating}","labels_url":"https://api.github.com/repos/bob/Messager/labels{/name}","releases_url":"https://api.github.com/repos/bob/Messager/releases{/id}","created_at":"2011-03-16T16:06:04Z","updated_at":"2014-02-19T03:08:35Z","pushed_at":"2011-04-18T12:10:54Z","git_url":"git://github.com/bob/Messager.git","ssh_url":"git@github.com:bob/Messager.git","clone_url":"https://github.com/bob/Messager.git","svn_url":"https://github.com/bob/Messager","homepage":"","size":532,"stargazers_count":0,"watchers_count":0,"language":"Ruby","has_issues":true,"has_downloads":true,"has_wiki":true,"forks_count":0,"mirror_url":null,"open_issues_count":0,"forks":0,"open_issues":0,"watchers":0,"default_branch":"master","permissions":{"admin":false,"push":false,"pull":true}},{"id":3787363,"name":"rails_sql_views","full_name":"bob/rails_sql_views","owner":{"login":"bob","id":1436,"avatar_url":"https://avatars.githubusercontent.com/u/1436?","gravatar_id":"807d248f338fe12e100c6dc5c919a50d","url":"https://api.github.com/users/bob","html_url":"https://github.com/bob","followers_url":"https://api.github.com/users/bob/followers","following_url":"https://api.github.com/users/bob/following{/other_user}","gists_url":"https://api.github.com/users/bob/gists{/gist_id}","starred_url":"https://api.github.com/users/bob/starred{/owner}{/repo}","subscriptions_url":"https://api.github.com/users/bob/subscriptions","organizations_url":"https://api.github.com/users/bob/orgs","repos_url":"https://api.github.com/users/bob/repos","events_url":"https://api.github.com/users/bob/events{/privacy}","received_events_url":"https://api.github.com/users/bob/received_events","type":"User","site_admin":false},"private":false,"html_url":"https://github.com/bob/rails_sql_views","description":"Rails
        SQL Views project extracted from ActiveWarehouse","fork":true,"url":"https://api.github.com/repos/bob/rails_sql_views","forks_url":"https://api.github.com/repos/bob/rails_sql_views/forks","keys_url":"https://api.github.com/repos/bob/rails_sql_views/keys{/key_id}","collaborators_url":"https://api.github.com/repos/bob/rails_sql_views/collaborators{/collaborator}","teams_url":"https://api.github.com/repos/bob/rails_sql_views/teams","hooks_url":"https://api.github.com/repos/bob/rails_sql_views/hooks","issue_events_url":"https://api.github.com/repos/bob/rails_sql_views/issues/events{/number}","events_url":"https://api.github.com/repos/bob/rails_sql_views/events","assignees_url":"https://api.github.com/repos/bob/rails_sql_views/assignees{/user}","branches_url":"https://api.github.com/repos/bob/rails_sql_views/branches{/branch}","tags_url":"https://api.github.com/repos/bob/rails_sql_views/tags","blobs_url":"https://api.github.com/repos/bob/rails_sql_views/git/blobs{/sha}","git_tags_url":"https://api.github.com/repos/bob/rails_sql_views/git/tags{/sha}","git_refs_url":"https://api.github.com/repos/bob/rails_sql_views/git/refs{/sha}","trees_url":"https://api.github.com/repos/bob/rails_sql_views/git/trees{/sha}","statuses_url":"https://api.github.com/repos/bob/rails_sql_views/statuses/{sha}","languages_url":"https://api.github.com/repos/bob/rails_sql_views/languages","stargazers_url":"https://api.github.com/repos/bob/rails_sql_views/stargazers","contributors_url":"https://api.github.com/repos/bob/rails_sql_views/contributors","subscribers_url":"https://api.github.com/repos/bob/rails_sql_views/subscribers","subscription_url":"https://api.github.com/repos/bob/rails_sql_views/subscription","commits_url":"https://api.github.com/repos/bob/rails_sql_views/commits{/sha}","git_commits_url":"https://api.github.com/repos/bob/rails_sql_views/git/commits{/sha}","comments_url":"https://api.github.com/repos/bob/rails_sql_views/comments{/number}","issue_comment_url":"https://api.github.com/repos/bob/rails_sql_views/issues/comments/{number}","contents_url":"https://api.github.com/repos/bob/rails_sql_views/contents/{+path}","compare_url":"https://api.github.com/repos/bob/rails_sql_views/compare/{base}...{head}","merges_url":"https://api.github.com/repos/bob/rails_sql_views/merges","archive_url":"https://api.github.com/repos/bob/rails_sql_views/{archive_format}{/ref}","downloads_url":"https://api.github.com/repos/bob/rails_sql_views/downloads","issues_url":"https://api.github.com/repos/bob/rails_sql_views/issues{/number}","pulls_url":"https://api.github.com/repos/bob/rails_sql_views/pulls{/number}","milestones_url":"https://api.github.com/repos/bob/rails_sql_views/milestones{/number}","notifications_url":"https://api.github.com/repos/bob/rails_sql_views/notifications{?since,all,participating}","labels_url":"https://api.github.com/repos/bob/rails_sql_views/labels{/name}","releases_url":"https://api.github.com/repos/bob/rails_sql_views/releases{/id}","created_at":"2012-03-21T14:30:52Z","updated_at":"2014-01-17T09:30:27Z","pushed_at":"2012-03-21T14:33:01Z","git_url":"git://github.com/bob/rails_sql_views.git","ssh_url":"git@github.com:bob/rails_sql_views.git","clone_url":"https://github.com/bob/rails_sql_views.git","svn_url":"https://github.com/bob/rails_sql_views","homepage":"http://activewarehouse.rubyforge.org/rails_sql_views","size":169,"stargazers_count":0,"watchers_count":0,"language":"Ruby","has_issues":false,"has_downloads":true,"has_wiki":true,"forks_count":1,"mirror_url":null,"open_issues_count":0,"forks":1,"open_issues":0,"watchers":0,"default_branch":"master","permissions":{"admin":false,"push":false,"pull":true}}]'
    http_version: 
  recorded_at: Fri, 01 Mar 2013 06:00:05 GMT
- request:
    method: get
    uri: https://api.github.com/users/bob/repos
    body:
      encoding: US-ASCII
      string: ''
    headers:
      Accept:
      - application/vnd.github.v3+json
      User-Agent:
      - Octokit Ruby Gem 3.1.0
      Authorization:
      - token d141ef15f79ca4c6f43a8c688e0434648f277f20
      Accept-Encoding:
      - gzip;q=1.0,deflate;q=0.6,identity;q=0.3
  response:
    status:
      code: 200
      message: OK
    headers:
      Server:
      - GitHub.com
      Date:
      - Tue, 03 Jun 2014 18:51:55 GMT
      Content-Type:
      - application/json; charset=utf-8
      Transfer-Encoding:
      - chunked
      Status:
      - 200 OK
      X-Ratelimit-Limit:
      - '5000'
      X-Ratelimit-Remaining:
      - '4833'
      X-Ratelimit-Reset:
      - '1401823096'
      Cache-Control:
      - private, max-age=60, s-maxage=60
      Etag:
      - '"f7dd589fb1d29652d4b5ac2b236277ca"'
      X-Oauth-Scopes:
      - public_repo, user
      X-Accepted-Oauth-Scopes:
      - ''
      Vary:
      - Accept, Authorization, Cookie, X-GitHub-OTP
      - Accept-Encoding
      X-Github-Media-Type:
      - github.v3; format=json
      X-Xss-Protection:
      - 1; mode=block
      X-Frame-Options:
      - deny
      Content-Security-Policy:
      - default-src 'none'
      Access-Control-Allow-Credentials:
      - 'true'
      Access-Control-Expose-Headers:
      - ETag, Link, X-GitHub-OTP, X-RateLimit-Limit, X-RateLimit-Remaining, X-RateLimit-Reset,
        X-OAuth-Scopes, X-Accepted-OAuth-Scopes, X-Poll-Interval
      Access-Control-Allow-Origin:
      - "*"
      X-Github-Request-Id:
      - 44358582:089C:7D6BC80:538E194B
      Strict-Transport-Security:
      - max-age=31536000
      X-Content-Type-Options:
      - nosniff
      X-Served-By:
      - 03d91026ad8428f4d9966d7434f9d82e
    body:
      encoding: UTF-8
      string: '[{"id":5512967,"name":"agilezen","full_name":"bob/agilezen","owner":{"login":"bob","id":1436,"avatar_url":"https://avatars.githubusercontent.com/u/1436?","gravatar_id":"807d248f338fe12e100c6dc5c919a50d","url":"https://api.github.com/users/bob","html_url":"https://github.com/bob","followers_url":"https://api.github.com/users/bob/followers","following_url":"https://api.github.com/users/bob/following{/other_user}","gists_url":"https://api.github.com/users/bob/gists{/gist_id}","starred_url":"https://api.github.com/users/bob/starred{/owner}{/repo}","subscriptions_url":"https://api.github.com/users/bob/subscriptions","organizations_url":"https://api.github.com/users/bob/orgs","repos_url":"https://api.github.com/users/bob/repos","events_url":"https://api.github.com/users/bob/events{/privacy}","received_events_url":"https://api.github.com/users/bob/received_events","type":"User","site_admin":false},"private":false,"html_url":"https://github.com/bob/agilezen","description":"A
        Ruby wrapper for the AgileZen API (v1.0)","fork":true,"url":"https://api.github.com/repos/bob/agilezen","forks_url":"https://api.github.com/repos/bob/agilezen/forks","keys_url":"https://api.github.com/repos/bob/agilezen/keys{/key_id}","collaborators_url":"https://api.github.com/repos/bob/agilezen/collaborators{/collaborator}","teams_url":"https://api.github.com/repos/bob/agilezen/teams","hooks_url":"https://api.github.com/repos/bob/agilezen/hooks","issue_events_url":"https://api.github.com/repos/bob/agilezen/issues/events{/number}","events_url":"https://api.github.com/repos/bob/agilezen/events","assignees_url":"https://api.github.com/repos/bob/agilezen/assignees{/user}","branches_url":"https://api.github.com/repos/bob/agilezen/branches{/branch}","tags_url":"https://api.github.com/repos/bob/agilezen/tags","blobs_url":"https://api.github.com/repos/bob/agilezen/git/blobs{/sha}","git_tags_url":"https://api.github.com/repos/bob/agilezen/git/tags{/sha}","git_refs_url":"https://api.github.com/repos/bob/agilezen/git/refs{/sha}","trees_url":"https://api.github.com/repos/bob/agilezen/git/trees{/sha}","statuses_url":"https://api.github.com/repos/bob/agilezen/statuses/{sha}","languages_url":"https://api.github.com/repos/bob/agilezen/languages","stargazers_url":"https://api.github.com/repos/bob/agilezen/stargazers","contributors_url":"https://api.github.com/repos/bob/agilezen/contributors","subscribers_url":"https://api.github.com/repos/bob/agilezen/subscribers","subscription_url":"https://api.github.com/repos/bob/agilezen/subscription","commits_url":"https://api.github.com/repos/bob/agilezen/commits{/sha}","git_commits_url":"https://api.github.com/repos/bob/agilezen/git/commits{/sha}","comments_url":"https://api.github.com/repos/bob/agilezen/comments{/number}","issue_comment_url":"https://api.github.com/repos/bob/agilezen/issues/comments/{number}","contents_url":"https://api.github.com/repos/bob/agilezen/contents/{+path}","compare_url":"https://api.github.com/repos/bob/agilezen/compare/{base}...{head}","merges_url":"https://api.github.com/repos/bob/agilezen/merges","archive_url":"https://api.github.com/repos/bob/agilezen/{archive_format}{/ref}","downloads_url":"https://api.github.com/repos/bob/agilezen/downloads","issues_url":"https://api.github.com/repos/bob/agilezen/issues{/number}","pulls_url":"https://api.github.com/repos/bob/agilezen/pulls{/number}","milestones_url":"https://api.github.com/repos/bob/agilezen/milestones{/number}","notifications_url":"https://api.github.com/repos/bob/agilezen/notifications{?since,all,participating}","labels_url":"https://api.github.com/repos/bob/agilezen/labels{/name}","releases_url":"https://api.github.com/repos/bob/agilezen/releases{/id}","created_at":"2012-08-22T17:37:03Z","updated_at":"2013-01-11T22:04:14Z","pushed_at":"2012-08-26T20:54:42Z","git_url":"git://github.com/bob/agilezen.git","ssh_url":"git@github.com:bob/agilezen.git","clone_url":"https://github.com/bob/agilezen.git","svn_url":"https://github.com/bob/agilezen","homepage":"http://raid5.github.com/agilezen","size":184,"stargazers_count":0,"watchers_count":0,"language":"Ruby","has_issues":false,"has_downloads":true,"has_wiki":true,"forks_count":0,"mirror_url":null,"open_issues_count":0,"forks":0,"open_issues":0,"watchers":0,"default_branch":"master","permissions":{"admin":false,"push":false,"pull":true}},{"id":11559622,"name":"donatecn","full_name":"bob/donatecn","owner":{"login":"bob","id":1436,"avatar_url":"https://avatars.githubusercontent.com/u/1436?","gravatar_id":"807d248f338fe12e100c6dc5c919a50d","url":"https://api.github.com/users/bob","html_url":"https://github.com/bob","followers_url":"https://api.github.com/users/bob/followers","following_url":"https://api.github.com/users/bob/following{/other_user}","gists_url":"https://api.github.com/users/bob/gists{/gist_id}","starred_url":"https://api.github.com/users/bob/starred{/owner}{/repo}","subscriptions_url":"https://api.github.com/users/bob/subscriptions","organizations_url":"https://api.github.com/users/bob/orgs","repos_url":"https://api.github.com/users/bob/repos","events_url":"https://api.github.com/users/bob/events{/privacy}","received_events_url":"https://api.github.com/users/bob/received_events","type":"User","site_admin":false},"private":false,"html_url":"https://github.com/bob/donatecn","description":"demo
        for activemerchant_patch_for_china","fork":true,"url":"https://api.github.com/repos/bob/donatecn","forks_url":"https://api.github.com/repos/bob/donatecn/forks","keys_url":"https://api.github.com/repos/bob/donatecn/keys{/key_id}","collaborators_url":"https://api.github.com/repos/bob/donatecn/collaborators{/collaborator}","teams_url":"https://api.github.com/repos/bob/donatecn/teams","hooks_url":"https://api.github.com/repos/bob/donatecn/hooks","issue_events_url":"https://api.github.com/repos/bob/donatecn/issues/events{/number}","events_url":"https://api.github.com/repos/bob/donatecn/events","assignees_url":"https://api.github.com/repos/bob/donatecn/assignees{/user}","branches_url":"https://api.github.com/repos/bob/donatecn/branches{/branch}","tags_url":"https://api.github.com/repos/bob/donatecn/tags","blobs_url":"https://api.github.com/repos/bob/donatecn/git/blobs{/sha}","git_tags_url":"https://api.github.com/repos/bob/donatecn/git/tags{/sha}","git_refs_url":"https://api.github.com/repos/bob/donatecn/git/refs{/sha}","trees_url":"https://api.github.com/repos/bob/donatecn/git/trees{/sha}","statuses_url":"https://api.github.com/repos/bob/donatecn/statuses/{sha}","languages_url":"https://api.github.com/repos/bob/donatecn/languages","stargazers_url":"https://api.github.com/repos/bob/donatecn/stargazers","contributors_url":"https://api.github.com/repos/bob/donatecn/contributors","subscribers_url":"https://api.github.com/repos/bob/donatecn/subscribers","subscription_url":"https://api.github.com/repos/bob/donatecn/subscription","commits_url":"https://api.github.com/repos/bob/donatecn/commits{/sha}","git_commits_url":"https://api.github.com/repos/bob/donatecn/git/commits{/sha}","comments_url":"https://api.github.com/repos/bob/donatecn/comments{/number}","issue_comment_url":"https://api.github.com/repos/bob/donatecn/issues/comments/{number}","contents_url":"https://api.github.com/repos/bob/donatecn/contents/{+path}","compare_url":"https://api.github.com/repos/bob/donatecn/compare/{base}...{head}","merges_url":"https://api.github.com/repos/bob/donatecn/merges","archive_url":"https://api.github.com/repos/bob/donatecn/{archive_format}{/ref}","downloads_url":"https://api.github.com/repos/bob/donatecn/downloads","issues_url":"https://api.github.com/repos/bob/donatecn/issues{/number}","pulls_url":"https://api.github.com/repos/bob/donatecn/pulls{/number}","milestones_url":"https://api.github.com/repos/bob/donatecn/milestones{/number}","notifications_url":"https://api.github.com/repos/bob/donatecn/notifications{?since,all,participating}","labels_url":"https://api.github.com/repos/bob/donatecn/labels{/name}","releases_url":"https://api.github.com/repos/bob/donatecn/releases{/id}","created_at":"2013-07-21T09:22:16Z","updated_at":"2013-07-21T09:22:16Z","pushed_at":"2012-08-04T14:35:05Z","git_url":"git://github.com/bob/donatecn.git","ssh_url":"git@github.com:bob/donatecn.git","clone_url":"https://github.com/bob/donatecn.git","svn_url":"https://github.com/bob/donatecn","homepage":"http://donate.huangzhimin.com","size":181,"stargazers_count":0,"watchers_count":0,"language":"Ruby","has_issues":false,"has_downloads":true,"has_wiki":true,"forks_count":0,"mirror_url":null,"open_issues_count":0,"forks":0,"open_issues":0,"watchers":0,"default_branch":"master","permissions":{"admin":false,"push":false,"pull":true}},{"id":305397,"name":"eventify","full_name":"bob/eventify","owner":{"login":"bob","id":1436,"avatar_url":"https://avatars.githubusercontent.com/u/1436?","gravatar_id":"807d248f338fe12e100c6dc5c919a50d","url":"https://api.github.com/users/bob","html_url":"https://github.com/bob","followers_url":"https://api.github.com/users/bob/followers","following_url":"https://api.github.com/users/bob/following{/other_user}","gists_url":"https://api.github.com/users/bob/gists{/gist_id}","starred_url":"https://api.github.com/users/bob/starred{/owner}{/repo}","subscriptions_url":"https://api.github.com/users/bob/subscriptions","organizations_url":"https://api.github.com/users/bob/orgs","repos_url":"https://api.github.com/users/bob/repos","events_url":"https://api.github.com/users/bob/events{/privacy}","received_events_url":"https://api.github.com/users/bob/received_events","type":"User","site_admin":false},"private":false,"html_url":"https://github.com/bob/eventify","description":"SImple
        events manager","fork":false,"url":"https://api.github.com/repos/bob/eventify","forks_url":"https://api.github.com/repos/bob/eventify/forks","keys_url":"https://api.github.com/repos/bob/eventify/keys{/key_id}","collaborators_url":"https://api.github.com/repos/bob/eventify/collaborators{/collaborator}","teams_url":"https://api.github.com/repos/bob/eventify/teams","hooks_url":"https://api.github.com/repos/bob/eventify/hooks","issue_events_url":"https://api.github.com/repos/bob/eventify/issues/events{/number}","events_url":"https://api.github.com/repos/bob/eventify/events","assignees_url":"https://api.github.com/repos/bob/eventify/assignees{/user}","branches_url":"https://api.github.com/repos/bob/eventify/branches{/branch}","tags_url":"https://api.github.com/repos/bob/eventify/tags","blobs_url":"https://api.github.com/repos/bob/eventify/git/blobs{/sha}","git_tags_url":"https://api.github.com/repos/bob/eventify/git/tags{/sha}","git_refs_url":"https://api.github.com/repos/bob/eventify/git/refs{/sha}","trees_url":"https://api.github.com/repos/bob/eventify/git/trees{/sha}","statuses_url":"https://api.github.com/repos/bob/eventify/statuses/{sha}","languages_url":"https://api.github.com/repos/bob/eventify/languages","stargazers_url":"https://api.github.com/repos/bob/eventify/stargazers","contributors_url":"https://api.github.com/repos/bob/eventify/contributors","subscribers_url":"https://api.github.com/repos/bob/eventify/subscribers","subscription_url":"https://api.github.com/repos/bob/eventify/subscription","commits_url":"https://api.github.com/repos/bob/eventify/commits{/sha}","git_commits_url":"https://api.github.com/repos/bob/eventify/git/commits{/sha}","comments_url":"https://api.github.com/repos/bob/eventify/comments{/number}","issue_comment_url":"https://api.github.com/repos/bob/eventify/issues/comments/{number}","contents_url":"https://api.github.com/repos/bob/eventify/contents/{+path}","compare_url":"https://api.github.com/repos/bob/eventify/compare/{base}...{head}","merges_url":"https://api.github.com/repos/bob/eventify/merges","archive_url":"https://api.github.com/repos/bob/eventify/{archive_format}{/ref}","downloads_url":"https://api.github.com/repos/bob/eventify/downloads","issues_url":"https://api.github.com/repos/bob/eventify/issues{/number}","pulls_url":"https://api.github.com/repos/bob/eventify/pulls{/number}","milestones_url":"https://api.github.com/repos/bob/eventify/milestones{/number}","notifications_url":"https://api.github.com/repos/bob/eventify/notifications{?since,all,participating}","labels_url":"https://api.github.com/repos/bob/eventify/labels{/name}","releases_url":"https://api.github.com/repos/bob/eventify/releases{/id}","created_at":"2009-09-12T23:57:48Z","updated_at":"2014-01-17T09:30:06Z","pushed_at":"2009-09-13T00:05:20Z","git_url":"git://github.com/bob/eventify.git","ssh_url":"git@github.com:bob/eventify.git","clone_url":"https://github.com/bob/eventify.git","svn_url":"https://github.com/bob/eventify","homepage":"","size":88,"stargazers_count":1,"watchers_count":1,"language":"Ruby","has_issues":true,"has_downloads":true,"has_wiki":true,"forks_count":0,"mirror_url":null,"open_issues_count":0,"forks":0,"open_issues":0,"watchers":1,"default_branch":"master","permissions":{"admin":false,"push":false,"pull":true}},{"id":15995461,"name":"mangajo","full_name":"bob/mangajo","owner":{"login":"bob","id":1436,"avatar_url":"https://avatars.githubusercontent.com/u/1436?","gravatar_id":"807d248f338fe12e100c6dc5c919a50d","url":"https://api.github.com/users/bob","html_url":"https://github.com/bob","followers_url":"https://api.github.com/users/bob/followers","following_url":"https://api.github.com/users/bob/following{/other_user}","gists_url":"https://api.github.com/users/bob/gists{/gist_id}","starred_url":"https://api.github.com/users/bob/starred{/owner}{/repo}","subscriptions_url":"https://api.github.com/users/bob/subscriptions","organizations_url":"https://api.github.com/users/bob/orgs","repos_url":"https://api.github.com/users/bob/repos","events_url":"https://api.github.com/users/bob/events{/privacy}","received_events_url":"https://api.github.com/users/bob/received_events","type":"User","site_admin":false},"private":false,"html_url":"https://github.com/bob/mangajo","description":"","fork":false,"url":"https://api.github.com/repos/bob/mangajo","forks_url":"https://api.github.com/repos/bob/mangajo/forks","keys_url":"https://api.github.com/repos/bob/mangajo/keys{/key_id}","collaborators_url":"https://api.github.com/repos/bob/mangajo/collaborators{/collaborator}","teams_url":"https://api.github.com/repos/bob/mangajo/teams","hooks_url":"https://api.github.com/repos/bob/mangajo/hooks","issue_events_url":"https://api.github.com/repos/bob/mangajo/issues/events{/number}","events_url":"https://api.github.com/repos/bob/mangajo/events","assignees_url":"https://api.github.com/repos/bob/mangajo/assignees{/user}","branches_url":"https://api.github.com/repos/bob/mangajo/branches{/branch}","tags_url":"https://api.github.com/repos/bob/mangajo/tags","blobs_url":"https://api.github.com/repos/bob/mangajo/git/blobs{/sha}","git_tags_url":"https://api.github.com/repos/bob/mangajo/git/tags{/sha}","git_refs_url":"https://api.github.com/repos/bob/mangajo/git/refs{/sha}","trees_url":"https://api.github.com/repos/bob/mangajo/git/trees{/sha}","statuses_url":"https://api.github.com/repos/bob/mangajo/statuses/{sha}","languages_url":"https://api.github.com/repos/bob/mangajo/languages","stargazers_url":"https://api.github.com/repos/bob/mangajo/stargazers","contributors_url":"https://api.github.com/repos/bob/mangajo/contributors","subscribers_url":"https://api.github.com/repos/bob/mangajo/subscribers","subscription_url":"https://api.github.com/repos/bob/mangajo/subscription","commits_url":"https://api.github.com/repos/bob/mangajo/commits{/sha}","git_commits_url":"https://api.github.com/repos/bob/mangajo/git/commits{/sha}","comments_url":"https://api.github.com/repos/bob/mangajo/comments{/number}","issue_comment_url":"https://api.github.com/repos/bob/mangajo/issues/comments/{number}","contents_url":"https://api.github.com/repos/bob/mangajo/contents/{+path}","compare_url":"https://api.github.com/repos/bob/mangajo/compare/{base}...{head}","merges_url":"https://api.github.com/repos/bob/mangajo/merges","archive_url":"https://api.github.com/repos/bob/mangajo/{archive_format}{/ref}","downloads_url":"https://api.github.com/repos/bob/mangajo/downloads","issues_url":"https://api.github.com/repos/bob/mangajo/issues{/number}","pulls_url":"https://api.github.com/repos/bob/mangajo/pulls{/number}","milestones_url":"https://api.github.com/repos/bob/mangajo/milestones{/number}","notifications_url":"https://api.github.com/repos/bob/mangajo/notifications{?since,all,participating}","labels_url":"https://api.github.com/repos/bob/mangajo/labels{/name}","releases_url":"https://api.github.com/repos/bob/mangajo/releases{/id}","created_at":"2014-01-17T09:32:04Z","updated_at":"2014-04-28T19:09:55Z","pushed_at":"2014-04-28T19:09:54Z","git_url":"git://github.com/bob/mangajo.git","ssh_url":"git@github.com:bob/mangajo.git","clone_url":"https://github.com/bob/mangajo.git","svn_url":"https://github.com/bob/mangajo","homepage":null,"size":492,"stargazers_count":0,"watchers_count":0,"language":"Ruby","has_issues":true,"has_downloads":true,"has_wiki":true,"forks_count":0,"mirror_url":null,"open_issues_count":0,"forks":0,"open_issues":0,"watchers":0,"default_branch":"master","permissions":{"admin":false,"push":false,"pull":true}},{"id":1487811,"name":"Messager","full_name":"bob/Messager","owner":{"login":"bob","id":1436,"avatar_url":"https://avatars.githubusercontent.com/u/1436?","gravatar_id":"807d248f338fe12e100c6dc5c919a50d","url":"https://api.github.com/users/bob","html_url":"https://github.com/bob","followers_url":"https://api.github.com/users/bob/followers","following_url":"https://api.github.com/users/bob/following{/other_user}","gists_url":"https://api.github.com/users/bob/gists{/gist_id}","starred_url":"https://api.github.com/users/bob/starred{/owner}{/repo}","subscriptions_url":"https://api.github.com/users/bob/subscriptions","organizations_url":"https://api.github.com/users/bob/orgs","repos_url":"https://api.github.com/users/bob/repos","events_url":"https://api.github.com/users/bob/events{/privacy}","received_events_url":"https://api.github.com/users/bob/received_events","type":"User","site_admin":false},"private":false,"html_url":"https://github.com/bob/Messager","description":"","fork":false,"url":"https://api.github.com/repos/bob/Messager","forks_url":"https://api.github.com/repos/bob/Messager/forks","keys_url":"https://api.github.com/repos/bob/Messager/keys{/key_id}","collaborators_url":"https://api.github.com/repos/bob/Messager/collaborators{/collaborator}","teams_url":"https://api.github.com/repos/bob/Messager/teams","hooks_url":"https://api.github.com/repos/bob/Messager/hooks","issue_events_url":"https://api.github.com/repos/bob/Messager/issues/events{/number}","events_url":"https://api.github.com/repos/bob/Messager/events","assignees_url":"https://api.github.com/repos/bob/Messager/assignees{/user}","branches_url":"https://api.github.com/repos/bob/Messager/branches{/branch}","tags_url":"https://api.github.com/repos/bob/Messager/tags","blobs_url":"https://api.github.com/repos/bob/Messager/git/blobs{/sha}","git_tags_url":"https://api.github.com/repos/bob/Messager/git/tags{/sha}","git_refs_url":"https://api.github.com/repos/bob/Messager/git/refs{/sha}","trees_url":"https://api.github.com/repos/bob/Messager/git/trees{/sha}","statuses_url":"https://api.github.com/repos/bob/Messager/statuses/{sha}","languages_url":"https://api.github.com/repos/bob/Messager/languages","stargazers_url":"https://api.github.com/repos/bob/Messager/stargazers","contributors_url":"https://api.github.com/repos/bob/Messager/contributors","subscribers_url":"https://api.github.com/repos/bob/Messager/subscribers","subscription_url":"https://api.github.com/repos/bob/Messager/subscription","commits_url":"https://api.github.com/repos/bob/Messager/commits{/sha}","git_commits_url":"https://api.github.com/repos/bob/Messager/git/commits{/sha}","comments_url":"https://api.github.com/repos/bob/Messager/comments{/number}","issue_comment_url":"https://api.github.com/repos/bob/Messager/issues/comments/{number}","contents_url":"https://api.github.com/repos/bob/Messager/contents/{+path}","compare_url":"https://api.github.com/repos/bob/Messager/compare/{base}...{head}","merges_url":"https://api.github.com/repos/bob/Messager/merges","archive_url":"https://api.github.com/repos/bob/Messager/{archive_format}{/ref}","downloads_url":"https://api.github.com/repos/bob/Messager/downloads","issues_url":"https://api.github.com/repos/bob/Messager/issues{/number}","pulls_url":"https://api.github.com/repos/bob/Messager/pulls{/number}","milestones_url":"https://api.github.com/repos/bob/Messager/milestones{/number}","notifications_url":"https://api.github.com/repos/bob/Messager/notifications{?since,all,participating}","labels_url":"https://api.github.com/repos/bob/Messager/labels{/name}","releases_url":"https://api.github.com/repos/bob/Messager/releases{/id}","created_at":"2011-03-16T16:06:04Z","updated_at":"2014-02-19T03:08:35Z","pushed_at":"2011-04-18T12:10:54Z","git_url":"git://github.com/bob/Messager.git","ssh_url":"git@github.com:bob/Messager.git","clone_url":"https://github.com/bob/Messager.git","svn_url":"https://github.com/bob/Messager","homepage":"","size":532,"stargazers_count":0,"watchers_count":0,"language":"Ruby","has_issues":true,"has_downloads":true,"has_wiki":true,"forks_count":0,"mirror_url":null,"open_issues_count":0,"forks":0,"open_issues":0,"watchers":0,"default_branch":"master","permissions":{"admin":false,"push":false,"pull":true}},{"id":3787363,"name":"rails_sql_views","full_name":"bob/rails_sql_views","owner":{"login":"bob","id":1436,"avatar_url":"https://avatars.githubusercontent.com/u/1436?","gravatar_id":"807d248f338fe12e100c6dc5c919a50d","url":"https://api.github.com/users/bob","html_url":"https://github.com/bob","followers_url":"https://api.github.com/users/bob/followers","following_url":"https://api.github.com/users/bob/following{/other_user}","gists_url":"https://api.github.com/users/bob/gists{/gist_id}","starred_url":"https://api.github.com/users/bob/starred{/owner}{/repo}","subscriptions_url":"https://api.github.com/users/bob/subscriptions","organizations_url":"https://api.github.com/users/bob/orgs","repos_url":"https://api.github.com/users/bob/repos","events_url":"https://api.github.com/users/bob/events{/privacy}","received_events_url":"https://api.github.com/users/bob/received_events","type":"User","site_admin":false},"private":false,"html_url":"https://github.com/bob/rails_sql_views","description":"Rails
        SQL Views project extracted from ActiveWarehouse","fork":true,"url":"https://api.github.com/repos/bob/rails_sql_views","forks_url":"https://api.github.com/repos/bob/rails_sql_views/forks","keys_url":"https://api.github.com/repos/bob/rails_sql_views/keys{/key_id}","collaborators_url":"https://api.github.com/repos/bob/rails_sql_views/collaborators{/collaborator}","teams_url":"https://api.github.com/repos/bob/rails_sql_views/teams","hooks_url":"https://api.github.com/repos/bob/rails_sql_views/hooks","issue_events_url":"https://api.github.com/repos/bob/rails_sql_views/issues/events{/number}","events_url":"https://api.github.com/repos/bob/rails_sql_views/events","assignees_url":"https://api.github.com/repos/bob/rails_sql_views/assignees{/user}","branches_url":"https://api.github.com/repos/bob/rails_sql_views/branches{/branch}","tags_url":"https://api.github.com/repos/bob/rails_sql_views/tags","blobs_url":"https://api.github.com/repos/bob/rails_sql_views/git/blobs{/sha}","git_tags_url":"https://api.github.com/repos/bob/rails_sql_views/git/tags{/sha}","git_refs_url":"https://api.github.com/repos/bob/rails_sql_views/git/refs{/sha}","trees_url":"https://api.github.com/repos/bob/rails_sql_views/git/trees{/sha}","statuses_url":"https://api.github.com/repos/bob/rails_sql_views/statuses/{sha}","languages_url":"https://api.github.com/repos/bob/rails_sql_views/languages","stargazers_url":"https://api.github.com/repos/bob/rails_sql_views/stargazers","contributors_url":"https://api.github.com/repos/bob/rails_sql_views/contributors","subscribers_url":"https://api.github.com/repos/bob/rails_sql_views/subscribers","subscription_url":"https://api.github.com/repos/bob/rails_sql_views/subscription","commits_url":"https://api.github.com/repos/bob/rails_sql_views/commits{/sha}","git_commits_url":"https://api.github.com/repos/bob/rails_sql_views/git/commits{/sha}","comments_url":"https://api.github.com/repos/bob/rails_sql_views/comments{/number}","issue_comment_url":"https://api.github.com/repos/bob/rails_sql_views/issues/comments/{number}","contents_url":"https://api.github.com/repos/bob/rails_sql_views/contents/{+path}","compare_url":"https://api.github.com/repos/bob/rails_sql_views/compare/{base}...{head}","merges_url":"https://api.github.com/repos/bob/rails_sql_views/merges","archive_url":"https://api.github.com/repos/bob/rails_sql_views/{archive_format}{/ref}","downloads_url":"https://api.github.com/repos/bob/rails_sql_views/downloads","issues_url":"https://api.github.com/repos/bob/rails_sql_views/issues{/number}","pulls_url":"https://api.github.com/repos/bob/rails_sql_views/pulls{/number}","milestones_url":"https://api.github.com/repos/bob/rails_sql_views/milestones{/number}","notifications_url":"https://api.github.com/repos/bob/rails_sql_views/notifications{?since,all,participating}","labels_url":"https://api.github.com/repos/bob/rails_sql_views/labels{/name}","releases_url":"https://api.github.com/repos/bob/rails_sql_views/releases{/id}","created_at":"2012-03-21T14:30:52Z","updated_at":"2014-01-17T09:30:27Z","pushed_at":"2012-03-21T14:33:01Z","git_url":"git://github.com/bob/rails_sql_views.git","ssh_url":"git@github.com:bob/rails_sql_views.git","clone_url":"https://github.com/bob/rails_sql_views.git","svn_url":"https://github.com/bob/rails_sql_views","homepage":"http://activewarehouse.rubyforge.org/rails_sql_views","size":169,"stargazers_count":0,"watchers_count":0,"language":"Ruby","has_issues":false,"has_downloads":true,"has_wiki":true,"forks_count":1,"mirror_url":null,"open_issues_count":0,"forks":1,"open_issues":0,"watchers":0,"default_branch":"master","permissions":{"admin":false,"push":false,"pull":true}}]'
    http_version: 
  recorded_at: Fri, 01 Mar 2013 06:00:05 GMT
- request:
    method: get
    uri: https://api.github.com/users/bob/repos
    body:
      encoding: US-ASCII
      string: ''
    headers:
      Accept:
      - application/vnd.github.v3+json
      User-Agent:
      - Octokit Ruby Gem 3.1.0
      Authorization:
      - token d141ef15f79ca4c6f43a8c688e0434648f277f20
      Accept-Encoding:
      - gzip;q=1.0,deflate;q=0.6,identity;q=0.3
  response:
    status:
      code: 200
      message: OK
    headers:
      Server:
      - GitHub.com
      Date:
      - Tue, 03 Jun 2014 18:51:55 GMT
      Content-Type:
      - application/json; charset=utf-8
      Transfer-Encoding:
      - chunked
      Status:
      - 200 OK
      X-Ratelimit-Limit:
      - '5000'
      X-Ratelimit-Remaining:
      - '4832'
      X-Ratelimit-Reset:
      - '1401823096'
      Cache-Control:
      - private, max-age=60, s-maxage=60
      Etag:
      - '"f7dd589fb1d29652d4b5ac2b236277ca"'
      X-Oauth-Scopes:
      - public_repo, user
      X-Accepted-Oauth-Scopes:
      - ''
      Vary:
      - Accept, Authorization, Cookie, X-GitHub-OTP
      - Accept-Encoding
      X-Github-Media-Type:
      - github.v3; format=json
      X-Xss-Protection:
      - 1; mode=block
      X-Frame-Options:
      - deny
      Content-Security-Policy:
      - default-src 'none'
      Access-Control-Allow-Credentials:
      - 'true'
      Access-Control-Expose-Headers:
      - ETag, Link, X-GitHub-OTP, X-RateLimit-Limit, X-RateLimit-Remaining, X-RateLimit-Reset,
        X-OAuth-Scopes, X-Accepted-OAuth-Scopes, X-Poll-Interval
      Access-Control-Allow-Origin:
      - "*"
      X-Github-Request-Id:
      - 44358582:089E:119FBB83:538E194B
      Strict-Transport-Security:
      - max-age=31536000
      X-Content-Type-Options:
      - nosniff
      X-Served-By:
      - 62a1303ae95931e56e387e87d354bb24
    body:
      encoding: UTF-8
      string: '[{"id":5512967,"name":"agilezen","full_name":"bob/agilezen","owner":{"login":"bob","id":1436,"avatar_url":"https://avatars.githubusercontent.com/u/1436?","gravatar_id":"807d248f338fe12e100c6dc5c919a50d","url":"https://api.github.com/users/bob","html_url":"https://github.com/bob","followers_url":"https://api.github.com/users/bob/followers","following_url":"https://api.github.com/users/bob/following{/other_user}","gists_url":"https://api.github.com/users/bob/gists{/gist_id}","starred_url":"https://api.github.com/users/bob/starred{/owner}{/repo}","subscriptions_url":"https://api.github.com/users/bob/subscriptions","organizations_url":"https://api.github.com/users/bob/orgs","repos_url":"https://api.github.com/users/bob/repos","events_url":"https://api.github.com/users/bob/events{/privacy}","received_events_url":"https://api.github.com/users/bob/received_events","type":"User","site_admin":false},"private":false,"html_url":"https://github.com/bob/agilezen","description":"A
        Ruby wrapper for the AgileZen API (v1.0)","fork":true,"url":"https://api.github.com/repos/bob/agilezen","forks_url":"https://api.github.com/repos/bob/agilezen/forks","keys_url":"https://api.github.com/repos/bob/agilezen/keys{/key_id}","collaborators_url":"https://api.github.com/repos/bob/agilezen/collaborators{/collaborator}","teams_url":"https://api.github.com/repos/bob/agilezen/teams","hooks_url":"https://api.github.com/repos/bob/agilezen/hooks","issue_events_url":"https://api.github.com/repos/bob/agilezen/issues/events{/number}","events_url":"https://api.github.com/repos/bob/agilezen/events","assignees_url":"https://api.github.com/repos/bob/agilezen/assignees{/user}","branches_url":"https://api.github.com/repos/bob/agilezen/branches{/branch}","tags_url":"https://api.github.com/repos/bob/agilezen/tags","blobs_url":"https://api.github.com/repos/bob/agilezen/git/blobs{/sha}","git_tags_url":"https://api.github.com/repos/bob/agilezen/git/tags{/sha}","git_refs_url":"https://api.github.com/repos/bob/agilezen/git/refs{/sha}","trees_url":"https://api.github.com/repos/bob/agilezen/git/trees{/sha}","statuses_url":"https://api.github.com/repos/bob/agilezen/statuses/{sha}","languages_url":"https://api.github.com/repos/bob/agilezen/languages","stargazers_url":"https://api.github.com/repos/bob/agilezen/stargazers","contributors_url":"https://api.github.com/repos/bob/agilezen/contributors","subscribers_url":"https://api.github.com/repos/bob/agilezen/subscribers","subscription_url":"https://api.github.com/repos/bob/agilezen/subscription","commits_url":"https://api.github.com/repos/bob/agilezen/commits{/sha}","git_commits_url":"https://api.github.com/repos/bob/agilezen/git/commits{/sha}","comments_url":"https://api.github.com/repos/bob/agilezen/comments{/number}","issue_comment_url":"https://api.github.com/repos/bob/agilezen/issues/comments/{number}","contents_url":"https://api.github.com/repos/bob/agilezen/contents/{+path}","compare_url":"https://api.github.com/repos/bob/agilezen/compare/{base}...{head}","merges_url":"https://api.github.com/repos/bob/agilezen/merges","archive_url":"https://api.github.com/repos/bob/agilezen/{archive_format}{/ref}","downloads_url":"https://api.github.com/repos/bob/agilezen/downloads","issues_url":"https://api.github.com/repos/bob/agilezen/issues{/number}","pulls_url":"https://api.github.com/repos/bob/agilezen/pulls{/number}","milestones_url":"https://api.github.com/repos/bob/agilezen/milestones{/number}","notifications_url":"https://api.github.com/repos/bob/agilezen/notifications{?since,all,participating}","labels_url":"https://api.github.com/repos/bob/agilezen/labels{/name}","releases_url":"https://api.github.com/repos/bob/agilezen/releases{/id}","created_at":"2012-08-22T17:37:03Z","updated_at":"2013-01-11T22:04:14Z","pushed_at":"2012-08-26T20:54:42Z","git_url":"git://github.com/bob/agilezen.git","ssh_url":"git@github.com:bob/agilezen.git","clone_url":"https://github.com/bob/agilezen.git","svn_url":"https://github.com/bob/agilezen","homepage":"http://raid5.github.com/agilezen","size":184,"stargazers_count":0,"watchers_count":0,"language":"Ruby","has_issues":false,"has_downloads":true,"has_wiki":true,"forks_count":0,"mirror_url":null,"open_issues_count":0,"forks":0,"open_issues":0,"watchers":0,"default_branch":"master","permissions":{"admin":false,"push":false,"pull":true}},{"id":11559622,"name":"donatecn","full_name":"bob/donatecn","owner":{"login":"bob","id":1436,"avatar_url":"https://avatars.githubusercontent.com/u/1436?","gravatar_id":"807d248f338fe12e100c6dc5c919a50d","url":"https://api.github.com/users/bob","html_url":"https://github.com/bob","followers_url":"https://api.github.com/users/bob/followers","following_url":"https://api.github.com/users/bob/following{/other_user}","gists_url":"https://api.github.com/users/bob/gists{/gist_id}","starred_url":"https://api.github.com/users/bob/starred{/owner}{/repo}","subscriptions_url":"https://api.github.com/users/bob/subscriptions","organizations_url":"https://api.github.com/users/bob/orgs","repos_url":"https://api.github.com/users/bob/repos","events_url":"https://api.github.com/users/bob/events{/privacy}","received_events_url":"https://api.github.com/users/bob/received_events","type":"User","site_admin":false},"private":false,"html_url":"https://github.com/bob/donatecn","description":"demo
        for activemerchant_patch_for_china","fork":true,"url":"https://api.github.com/repos/bob/donatecn","forks_url":"https://api.github.com/repos/bob/donatecn/forks","keys_url":"https://api.github.com/repos/bob/donatecn/keys{/key_id}","collaborators_url":"https://api.github.com/repos/bob/donatecn/collaborators{/collaborator}","teams_url":"https://api.github.com/repos/bob/donatecn/teams","hooks_url":"https://api.github.com/repos/bob/donatecn/hooks","issue_events_url":"https://api.github.com/repos/bob/donatecn/issues/events{/number}","events_url":"https://api.github.com/repos/bob/donatecn/events","assignees_url":"https://api.github.com/repos/bob/donatecn/assignees{/user}","branches_url":"https://api.github.com/repos/bob/donatecn/branches{/branch}","tags_url":"https://api.github.com/repos/bob/donatecn/tags","blobs_url":"https://api.github.com/repos/bob/donatecn/git/blobs{/sha}","git_tags_url":"https://api.github.com/repos/bob/donatecn/git/tags{/sha}","git_refs_url":"https://api.github.com/repos/bob/donatecn/git/refs{/sha}","trees_url":"https://api.github.com/repos/bob/donatecn/git/trees{/sha}","statuses_url":"https://api.github.com/repos/bob/donatecn/statuses/{sha}","languages_url":"https://api.github.com/repos/bob/donatecn/languages","stargazers_url":"https://api.github.com/repos/bob/donatecn/stargazers","contributors_url":"https://api.github.com/repos/bob/donatecn/contributors","subscribers_url":"https://api.github.com/repos/bob/donatecn/subscribers","subscription_url":"https://api.github.com/repos/bob/donatecn/subscription","commits_url":"https://api.github.com/repos/bob/donatecn/commits{/sha}","git_commits_url":"https://api.github.com/repos/bob/donatecn/git/commits{/sha}","comments_url":"https://api.github.com/repos/bob/donatecn/comments{/number}","issue_comment_url":"https://api.github.com/repos/bob/donatecn/issues/comments/{number}","contents_url":"https://api.github.com/repos/bob/donatecn/contents/{+path}","compare_url":"https://api.github.com/repos/bob/donatecn/compare/{base}...{head}","merges_url":"https://api.github.com/repos/bob/donatecn/merges","archive_url":"https://api.github.com/repos/bob/donatecn/{archive_format}{/ref}","downloads_url":"https://api.github.com/repos/bob/donatecn/downloads","issues_url":"https://api.github.com/repos/bob/donatecn/issues{/number}","pulls_url":"https://api.github.com/repos/bob/donatecn/pulls{/number}","milestones_url":"https://api.github.com/repos/bob/donatecn/milestones{/number}","notifications_url":"https://api.github.com/repos/bob/donatecn/notifications{?since,all,participating}","labels_url":"https://api.github.com/repos/bob/donatecn/labels{/name}","releases_url":"https://api.github.com/repos/bob/donatecn/releases{/id}","created_at":"2013-07-21T09:22:16Z","updated_at":"2013-07-21T09:22:16Z","pushed_at":"2012-08-04T14:35:05Z","git_url":"git://github.com/bob/donatecn.git","ssh_url":"git@github.com:bob/donatecn.git","clone_url":"https://github.com/bob/donatecn.git","svn_url":"https://github.com/bob/donatecn","homepage":"http://donate.huangzhimin.com","size":181,"stargazers_count":0,"watchers_count":0,"language":"Ruby","has_issues":false,"has_downloads":true,"has_wiki":true,"forks_count":0,"mirror_url":null,"open_issues_count":0,"forks":0,"open_issues":0,"watchers":0,"default_branch":"master","permissions":{"admin":false,"push":false,"pull":true}},{"id":305397,"name":"eventify","full_name":"bob/eventify","owner":{"login":"bob","id":1436,"avatar_url":"https://avatars.githubusercontent.com/u/1436?","gravatar_id":"807d248f338fe12e100c6dc5c919a50d","url":"https://api.github.com/users/bob","html_url":"https://github.com/bob","followers_url":"https://api.github.com/users/bob/followers","following_url":"https://api.github.com/users/bob/following{/other_user}","gists_url":"https://api.github.com/users/bob/gists{/gist_id}","starred_url":"https://api.github.com/users/bob/starred{/owner}{/repo}","subscriptions_url":"https://api.github.com/users/bob/subscriptions","organizations_url":"https://api.github.com/users/bob/orgs","repos_url":"https://api.github.com/users/bob/repos","events_url":"https://api.github.com/users/bob/events{/privacy}","received_events_url":"https://api.github.com/users/bob/received_events","type":"User","site_admin":false},"private":false,"html_url":"https://github.com/bob/eventify","description":"SImple
        events manager","fork":false,"url":"https://api.github.com/repos/bob/eventify","forks_url":"https://api.github.com/repos/bob/eventify/forks","keys_url":"https://api.github.com/repos/bob/eventify/keys{/key_id}","collaborators_url":"https://api.github.com/repos/bob/eventify/collaborators{/collaborator}","teams_url":"https://api.github.com/repos/bob/eventify/teams","hooks_url":"https://api.github.com/repos/bob/eventify/hooks","issue_events_url":"https://api.github.com/repos/bob/eventify/issues/events{/number}","events_url":"https://api.github.com/repos/bob/eventify/events","assignees_url":"https://api.github.com/repos/bob/eventify/assignees{/user}","branches_url":"https://api.github.com/repos/bob/eventify/branches{/branch}","tags_url":"https://api.github.com/repos/bob/eventify/tags","blobs_url":"https://api.github.com/repos/bob/eventify/git/blobs{/sha}","git_tags_url":"https://api.github.com/repos/bob/eventify/git/tags{/sha}","git_refs_url":"https://api.github.com/repos/bob/eventify/git/refs{/sha}","trees_url":"https://api.github.com/repos/bob/eventify/git/trees{/sha}","statuses_url":"https://api.github.com/repos/bob/eventify/statuses/{sha}","languages_url":"https://api.github.com/repos/bob/eventify/languages","stargazers_url":"https://api.github.com/repos/bob/eventify/stargazers","contributors_url":"https://api.github.com/repos/bob/eventify/contributors","subscribers_url":"https://api.github.com/repos/bob/eventify/subscribers","subscription_url":"https://api.github.com/repos/bob/eventify/subscription","commits_url":"https://api.github.com/repos/bob/eventify/commits{/sha}","git_commits_url":"https://api.github.com/repos/bob/eventify/git/commits{/sha}","comments_url":"https://api.github.com/repos/bob/eventify/comments{/number}","issue_comment_url":"https://api.github.com/repos/bob/eventify/issues/comments/{number}","contents_url":"https://api.github.com/repos/bob/eventify/contents/{+path}","compare_url":"https://api.github.com/repos/bob/eventify/compare/{base}...{head}","merges_url":"https://api.github.com/repos/bob/eventify/merges","archive_url":"https://api.github.com/repos/bob/eventify/{archive_format}{/ref}","downloads_url":"https://api.github.com/repos/bob/eventify/downloads","issues_url":"https://api.github.com/repos/bob/eventify/issues{/number}","pulls_url":"https://api.github.com/repos/bob/eventify/pulls{/number}","milestones_url":"https://api.github.com/repos/bob/eventify/milestones{/number}","notifications_url":"https://api.github.com/repos/bob/eventify/notifications{?since,all,participating}","labels_url":"https://api.github.com/repos/bob/eventify/labels{/name}","releases_url":"https://api.github.com/repos/bob/eventify/releases{/id}","created_at":"2009-09-12T23:57:48Z","updated_at":"2014-01-17T09:30:06Z","pushed_at":"2009-09-13T00:05:20Z","git_url":"git://github.com/bob/eventify.git","ssh_url":"git@github.com:bob/eventify.git","clone_url":"https://github.com/bob/eventify.git","svn_url":"https://github.com/bob/eventify","homepage":"","size":88,"stargazers_count":1,"watchers_count":1,"language":"Ruby","has_issues":true,"has_downloads":true,"has_wiki":true,"forks_count":0,"mirror_url":null,"open_issues_count":0,"forks":0,"open_issues":0,"watchers":1,"default_branch":"master","permissions":{"admin":false,"push":false,"pull":true}},{"id":15995461,"name":"mangajo","full_name":"bob/mangajo","owner":{"login":"bob","id":1436,"avatar_url":"https://avatars.githubusercontent.com/u/1436?","gravatar_id":"807d248f338fe12e100c6dc5c919a50d","url":"https://api.github.com/users/bob","html_url":"https://github.com/bob","followers_url":"https://api.github.com/users/bob/followers","following_url":"https://api.github.com/users/bob/following{/other_user}","gists_url":"https://api.github.com/users/bob/gists{/gist_id}","starred_url":"https://api.github.com/users/bob/starred{/owner}{/repo}","subscriptions_url":"https://api.github.com/users/bob/subscriptions","organizations_url":"https://api.github.com/users/bob/orgs","repos_url":"https://api.github.com/users/bob/repos","events_url":"https://api.github.com/users/bob/events{/privacy}","received_events_url":"https://api.github.com/users/bob/received_events","type":"User","site_admin":false},"private":false,"html_url":"https://github.com/bob/mangajo","description":"","fork":false,"url":"https://api.github.com/repos/bob/mangajo","forks_url":"https://api.github.com/repos/bob/mangajo/forks","keys_url":"https://api.github.com/repos/bob/mangajo/keys{/key_id}","collaborators_url":"https://api.github.com/repos/bob/mangajo/collaborators{/collaborator}","teams_url":"https://api.github.com/repos/bob/mangajo/teams","hooks_url":"https://api.github.com/repos/bob/mangajo/hooks","issue_events_url":"https://api.github.com/repos/bob/mangajo/issues/events{/number}","events_url":"https://api.github.com/repos/bob/mangajo/events","assignees_url":"https://api.github.com/repos/bob/mangajo/assignees{/user}","branches_url":"https://api.github.com/repos/bob/mangajo/branches{/branch}","tags_url":"https://api.github.com/repos/bob/mangajo/tags","blobs_url":"https://api.github.com/repos/bob/mangajo/git/blobs{/sha}","git_tags_url":"https://api.github.com/repos/bob/mangajo/git/tags{/sha}","git_refs_url":"https://api.github.com/repos/bob/mangajo/git/refs{/sha}","trees_url":"https://api.github.com/repos/bob/mangajo/git/trees{/sha}","statuses_url":"https://api.github.com/repos/bob/mangajo/statuses/{sha}","languages_url":"https://api.github.com/repos/bob/mangajo/languages","stargazers_url":"https://api.github.com/repos/bob/mangajo/stargazers","contributors_url":"https://api.github.com/repos/bob/mangajo/contributors","subscribers_url":"https://api.github.com/repos/bob/mangajo/subscribers","subscription_url":"https://api.github.com/repos/bob/mangajo/subscription","commits_url":"https://api.github.com/repos/bob/mangajo/commits{/sha}","git_commits_url":"https://api.github.com/repos/bob/mangajo/git/commits{/sha}","comments_url":"https://api.github.com/repos/bob/mangajo/comments{/number}","issue_comment_url":"https://api.github.com/repos/bob/mangajo/issues/comments/{number}","contents_url":"https://api.github.com/repos/bob/mangajo/contents/{+path}","compare_url":"https://api.github.com/repos/bob/mangajo/compare/{base}...{head}","merges_url":"https://api.github.com/repos/bob/mangajo/merges","archive_url":"https://api.github.com/repos/bob/mangajo/{archive_format}{/ref}","downloads_url":"https://api.github.com/repos/bob/mangajo/downloads","issues_url":"https://api.github.com/repos/bob/mangajo/issues{/number}","pulls_url":"https://api.github.com/repos/bob/mangajo/pulls{/number}","milestones_url":"https://api.github.com/repos/bob/mangajo/milestones{/number}","notifications_url":"https://api.github.com/repos/bob/mangajo/notifications{?since,all,participating}","labels_url":"https://api.github.com/repos/bob/mangajo/labels{/name}","releases_url":"https://api.github.com/repos/bob/mangajo/releases{/id}","created_at":"2014-01-17T09:32:04Z","updated_at":"2014-04-28T19:09:55Z","pushed_at":"2014-04-28T19:09:54Z","git_url":"git://github.com/bob/mangajo.git","ssh_url":"git@github.com:bob/mangajo.git","clone_url":"https://github.com/bob/mangajo.git","svn_url":"https://github.com/bob/mangajo","homepage":null,"size":492,"stargazers_count":0,"watchers_count":0,"language":"Ruby","has_issues":true,"has_downloads":true,"has_wiki":true,"forks_count":0,"mirror_url":null,"open_issues_count":0,"forks":0,"open_issues":0,"watchers":0,"default_branch":"master","permissions":{"admin":false,"push":false,"pull":true}},{"id":1487811,"name":"Messager","full_name":"bob/Messager","owner":{"login":"bob","id":1436,"avatar_url":"https://avatars.githubusercontent.com/u/1436?","gravatar_id":"807d248f338fe12e100c6dc5c919a50d","url":"https://api.github.com/users/bob","html_url":"https://github.com/bob","followers_url":"https://api.github.com/users/bob/followers","following_url":"https://api.github.com/users/bob/following{/other_user}","gists_url":"https://api.github.com/users/bob/gists{/gist_id}","starred_url":"https://api.github.com/users/bob/starred{/owner}{/repo}","subscriptions_url":"https://api.github.com/users/bob/subscriptions","organizations_url":"https://api.github.com/users/bob/orgs","repos_url":"https://api.github.com/users/bob/repos","events_url":"https://api.github.com/users/bob/events{/privacy}","received_events_url":"https://api.github.com/users/bob/received_events","type":"User","site_admin":false},"private":false,"html_url":"https://github.com/bob/Messager","description":"","fork":false,"url":"https://api.github.com/repos/bob/Messager","forks_url":"https://api.github.com/repos/bob/Messager/forks","keys_url":"https://api.github.com/repos/bob/Messager/keys{/key_id}","collaborators_url":"https://api.github.com/repos/bob/Messager/collaborators{/collaborator}","teams_url":"https://api.github.com/repos/bob/Messager/teams","hooks_url":"https://api.github.com/repos/bob/Messager/hooks","issue_events_url":"https://api.github.com/repos/bob/Messager/issues/events{/number}","events_url":"https://api.github.com/repos/bob/Messager/events","assignees_url":"https://api.github.com/repos/bob/Messager/assignees{/user}","branches_url":"https://api.github.com/repos/bob/Messager/branches{/branch}","tags_url":"https://api.github.com/repos/bob/Messager/tags","blobs_url":"https://api.github.com/repos/bob/Messager/git/blobs{/sha}","git_tags_url":"https://api.github.com/repos/bob/Messager/git/tags{/sha}","git_refs_url":"https://api.github.com/repos/bob/Messager/git/refs{/sha}","trees_url":"https://api.github.com/repos/bob/Messager/git/trees{/sha}","statuses_url":"https://api.github.com/repos/bob/Messager/statuses/{sha}","languages_url":"https://api.github.com/repos/bob/Messager/languages","stargazers_url":"https://api.github.com/repos/bob/Messager/stargazers","contributors_url":"https://api.github.com/repos/bob/Messager/contributors","subscribers_url":"https://api.github.com/repos/bob/Messager/subscribers","subscription_url":"https://api.github.com/repos/bob/Messager/subscription","commits_url":"https://api.github.com/repos/bob/Messager/commits{/sha}","git_commits_url":"https://api.github.com/repos/bob/Messager/git/commits{/sha}","comments_url":"https://api.github.com/repos/bob/Messager/comments{/number}","issue_comment_url":"https://api.github.com/repos/bob/Messager/issues/comments/{number}","contents_url":"https://api.github.com/repos/bob/Messager/contents/{+path}","compare_url":"https://api.github.com/repos/bob/Messager/compare/{base}...{head}","merges_url":"https://api.github.com/repos/bob/Messager/merges","archive_url":"https://api.github.com/repos/bob/Messager/{archive_format}{/ref}","downloads_url":"https://api.github.com/repos/bob/Messager/downloads","issues_url":"https://api.github.com/repos/bob/Messager/issues{/number}","pulls_url":"https://api.github.com/repos/bob/Messager/pulls{/number}","milestones_url":"https://api.github.com/repos/bob/Messager/milestones{/number}","notifications_url":"https://api.github.com/repos/bob/Messager/notifications{?since,all,participating}","labels_url":"https://api.github.com/repos/bob/Messager/labels{/name}","releases_url":"https://api.github.com/repos/bob/Messager/releases{/id}","created_at":"2011-03-16T16:06:04Z","updated_at":"2014-02-19T03:08:35Z","pushed_at":"2011-04-18T12:10:54Z","git_url":"git://github.com/bob/Messager.git","ssh_url":"git@github.com:bob/Messager.git","clone_url":"https://github.com/bob/Messager.git","svn_url":"https://github.com/bob/Messager","homepage":"","size":532,"stargazers_count":0,"watchers_count":0,"language":"Ruby","has_issues":true,"has_downloads":true,"has_wiki":true,"forks_count":0,"mirror_url":null,"open_issues_count":0,"forks":0,"open_issues":0,"watchers":0,"default_branch":"master","permissions":{"admin":false,"push":false,"pull":true}},{"id":3787363,"name":"rails_sql_views","full_name":"bob/rails_sql_views","owner":{"login":"bob","id":1436,"avatar_url":"https://avatars.githubusercontent.com/u/1436?","gravatar_id":"807d248f338fe12e100c6dc5c919a50d","url":"https://api.github.com/users/bob","html_url":"https://github.com/bob","followers_url":"https://api.github.com/users/bob/followers","following_url":"https://api.github.com/users/bob/following{/other_user}","gists_url":"https://api.github.com/users/bob/gists{/gist_id}","starred_url":"https://api.github.com/users/bob/starred{/owner}{/repo}","subscriptions_url":"https://api.github.com/users/bob/subscriptions","organizations_url":"https://api.github.com/users/bob/orgs","repos_url":"https://api.github.com/users/bob/repos","events_url":"https://api.github.com/users/bob/events{/privacy}","received_events_url":"https://api.github.com/users/bob/received_events","type":"User","site_admin":false},"private":false,"html_url":"https://github.com/bob/rails_sql_views","description":"Rails
        SQL Views project extracted from ActiveWarehouse","fork":true,"url":"https://api.github.com/repos/bob/rails_sql_views","forks_url":"https://api.github.com/repos/bob/rails_sql_views/forks","keys_url":"https://api.github.com/repos/bob/rails_sql_views/keys{/key_id}","collaborators_url":"https://api.github.com/repos/bob/rails_sql_views/collaborators{/collaborator}","teams_url":"https://api.github.com/repos/bob/rails_sql_views/teams","hooks_url":"https://api.github.com/repos/bob/rails_sql_views/hooks","issue_events_url":"https://api.github.com/repos/bob/rails_sql_views/issues/events{/number}","events_url":"https://api.github.com/repos/bob/rails_sql_views/events","assignees_url":"https://api.github.com/repos/bob/rails_sql_views/assignees{/user}","branches_url":"https://api.github.com/repos/bob/rails_sql_views/branches{/branch}","tags_url":"https://api.github.com/repos/bob/rails_sql_views/tags","blobs_url":"https://api.github.com/repos/bob/rails_sql_views/git/blobs{/sha}","git_tags_url":"https://api.github.com/repos/bob/rails_sql_views/git/tags{/sha}","git_refs_url":"https://api.github.com/repos/bob/rails_sql_views/git/refs{/sha}","trees_url":"https://api.github.com/repos/bob/rails_sql_views/git/trees{/sha}","statuses_url":"https://api.github.com/repos/bob/rails_sql_views/statuses/{sha}","languages_url":"https://api.github.com/repos/bob/rails_sql_views/languages","stargazers_url":"https://api.github.com/repos/bob/rails_sql_views/stargazers","contributors_url":"https://api.github.com/repos/bob/rails_sql_views/contributors","subscribers_url":"https://api.github.com/repos/bob/rails_sql_views/subscribers","subscription_url":"https://api.github.com/repos/bob/rails_sql_views/subscription","commits_url":"https://api.github.com/repos/bob/rails_sql_views/commits{/sha}","git_commits_url":"https://api.github.com/repos/bob/rails_sql_views/git/commits{/sha}","comments_url":"https://api.github.com/repos/bob/rails_sql_views/comments{/number}","issue_comment_url":"https://api.github.com/repos/bob/rails_sql_views/issues/comments/{number}","contents_url":"https://api.github.com/repos/bob/rails_sql_views/contents/{+path}","compare_url":"https://api.github.com/repos/bob/rails_sql_views/compare/{base}...{head}","merges_url":"https://api.github.com/repos/bob/rails_sql_views/merges","archive_url":"https://api.github.com/repos/bob/rails_sql_views/{archive_format}{/ref}","downloads_url":"https://api.github.com/repos/bob/rails_sql_views/downloads","issues_url":"https://api.github.com/repos/bob/rails_sql_views/issues{/number}","pulls_url":"https://api.github.com/repos/bob/rails_sql_views/pulls{/number}","milestones_url":"https://api.github.com/repos/bob/rails_sql_views/milestones{/number}","notifications_url":"https://api.github.com/repos/bob/rails_sql_views/notifications{?since,all,participating}","labels_url":"https://api.github.com/repos/bob/rails_sql_views/labels{/name}","releases_url":"https://api.github.com/repos/bob/rails_sql_views/releases{/id}","created_at":"2012-03-21T14:30:52Z","updated_at":"2014-01-17T09:30:27Z","pushed_at":"2012-03-21T14:33:01Z","git_url":"git://github.com/bob/rails_sql_views.git","ssh_url":"git@github.com:bob/rails_sql_views.git","clone_url":"https://github.com/bob/rails_sql_views.git","svn_url":"https://github.com/bob/rails_sql_views","homepage":"http://activewarehouse.rubyforge.org/rails_sql_views","size":169,"stargazers_count":0,"watchers_count":0,"language":"Ruby","has_issues":false,"has_downloads":true,"has_wiki":true,"forks_count":1,"mirror_url":null,"open_issues_count":0,"forks":1,"open_issues":0,"watchers":0,"default_branch":"master","permissions":{"admin":false,"push":false,"pull":true}}]'
    http_version: 
  recorded_at: Fri, 01 Mar 2013 06:00:05 GMT
recorded_with: VCR 2.9.0
